Archive member included to satisfy reference by file (symbol)

/opt/ST/STM32CubeCLT_1.18.0/GNU-tools-for-STM32/bin/../lib/gcc/arm-none-eabi/13.3.1/../../../../arm-none-eabi/lib/thumb/v7-m/nofp/libc_nano.a(libc_a-exit.o)
                              /opt/ST/STM32CubeCLT_1.18.0/GNU-tools-for-STM32/bin/../lib/gcc/arm-none-eabi/13.3.1/../../../../arm-none-eabi/lib/thumb/v7-m/nofp/crt0.o (exit)
/opt/ST/STM32CubeCLT_1.18.0/GNU-tools-for-STM32/bin/../lib/gcc/arm-none-eabi/13.3.1/../../../../arm-none-eabi/lib/thumb/v7-m/nofp/libc_nano.a(libc_a-nano-vfprintf_float.o)
                              (_printf_float)
/opt/ST/STM32CubeCLT_1.18.0/GNU-tools-for-STM32/bin/../lib/gcc/arm-none-eabi/13.3.1/../../../../arm-none-eabi/lib/thumb/v7-m/nofp/libc_nano.a(libc_a-nano-vfprintf_i.o)
                              /opt/ST/STM32CubeCLT_1.18.0/GNU-tools-for-STM32/bin/../lib/gcc/arm-none-eabi/13.3.1/../../../../arm-none-eabi/lib/thumb/v7-m/nofp/libc_nano.a(libc_a-nano-vfprintf_float.o) (_printf_common)
/opt/ST/STM32CubeCLT_1.18.0/GNU-tools-for-STM32/bin/../lib/gcc/arm-none-eabi/13.3.1/../../../../arm-none-eabi/lib/thumb/v7-m/nofp/libc_nano.a(libc_a-findfp.o)
                              /opt/ST/STM32CubeCLT_1.18.0/GNU-tools-for-STM32/bin/../lib/gcc/arm-none-eabi/13.3.1/../../../../arm-none-eabi/lib/thumb/v7-m/nofp/libc_nano.a(libc_a-exit.o) (__stdio_exit_handler)
/opt/ST/STM32CubeCLT_1.18.0/GNU-tools-for-STM32/bin/../lib/gcc/arm-none-eabi/13.3.1/../../../../arm-none-eabi/lib/thumb/v7-m/nofp/libc_nano.a(libc_a-fwalk.o)
                              /opt/ST/STM32CubeCLT_1.18.0/GNU-tools-for-STM32/bin/../lib/gcc/arm-none-eabi/13.3.1/../../../../arm-none-eabi/lib/thumb/v7-m/nofp/libc_nano.a(libc_a-findfp.o) (_fwalk_sglue)
/opt/ST/STM32CubeCLT_1.18.0/GNU-tools-for-STM32/bin/../lib/gcc/arm-none-eabi/13.3.1/../../../../arm-none-eabi/lib/thumb/v7-m/nofp/libc_nano.a(libc_a-memset.o)
                              /opt/ST/STM32CubeCLT_1.18.0/GNU-tools-for-STM32/bin/../lib/gcc/arm-none-eabi/13.3.1/../../../../arm-none-eabi/lib/thumb/v7-m/nofp/crt0.o (memset)
/opt/ST/STM32CubeCLT_1.18.0/GNU-tools-for-STM32/bin/../lib/gcc/arm-none-eabi/13.3.1/../../../../arm-none-eabi/lib/thumb/v7-m/nofp/libc_nano.a(libc_a-init.o)
                              /opt/ST/STM32CubeCLT_1.18.0/GNU-tools-for-STM32/bin/../lib/gcc/arm-none-eabi/13.3.1/../../../../arm-none-eabi/lib/thumb/v7-m/nofp/crt0.o (__libc_init_array)
/opt/ST/STM32CubeCLT_1.18.0/GNU-tools-for-STM32/bin/../lib/gcc/arm-none-eabi/13.3.1/../../../../arm-none-eabi/lib/thumb/v7-m/nofp/libc_nano.a(libc_a-lock.o)
                              /opt/ST/STM32CubeCLT_1.18.0/GNU-tools-for-STM32/bin/../lib/gcc/arm-none-eabi/13.3.1/../../../../arm-none-eabi/lib/thumb/v7-m/nofp/libc_nano.a(libc_a-findfp.o) (__retarget_lock_init_recursive)
/opt/ST/STM32CubeCLT_1.18.0/GNU-tools-for-STM32/bin/../lib/gcc/arm-none-eabi/13.3.1/../../../../arm-none-eabi/lib/thumb/v7-m/nofp/libc_nano.a(libc_a-localeconv.o)
                              /opt/ST/STM32CubeCLT_1.18.0/GNU-tools-for-STM32/bin/../lib/gcc/arm-none-eabi/13.3.1/../../../../arm-none-eabi/lib/thumb/v7-m/nofp/libc_nano.a(libc_a-nano-vfprintf_float.o) (_localeconv_r)
/opt/ST/STM32CubeCLT_1.18.0/GNU-tools-for-STM32/bin/../lib/gcc/arm-none-eabi/13.3.1/../../../../arm-none-eabi/lib/thumb/v7-m/nofp/libc_nano.a(libc_a-impure.o)
                              /opt/ST/STM32CubeCLT_1.18.0/GNU-tools-for-STM32/bin/../lib/gcc/arm-none-eabi/13.3.1/../../../../arm-none-eabi/lib/thumb/v7-m/nofp/libc_nano.a(libc_a-findfp.o) (_impure_data)
/opt/ST/STM32CubeCLT_1.18.0/GNU-tools-for-STM32/bin/../lib/gcc/arm-none-eabi/13.3.1/../../../../arm-none-eabi/lib/thumb/v7-m/nofp/libc_nano.a(libc_a-memchr-stub.o)
                              /opt/ST/STM32CubeCLT_1.18.0/GNU-tools-for-STM32/bin/../lib/gcc/arm-none-eabi/13.3.1/../../../../arm-none-eabi/lib/thumb/v7-m/nofp/libc_nano.a(libc_a-nano-vfprintf_i.o) (memchr)
/opt/ST/STM32CubeCLT_1.18.0/GNU-tools-for-STM32/bin/../lib/gcc/arm-none-eabi/13.3.1/../../../../arm-none-eabi/lib/thumb/v7-m/nofp/libc_nano.a(libc_a-strlen.o)
                              /opt/ST/STM32CubeCLT_1.18.0/GNU-tools-for-STM32/bin/../lib/gcc/arm-none-eabi/13.3.1/../../../../arm-none-eabi/lib/thumb/v7-m/nofp/libc_nano.a(libc_a-nano-vfprintf_float.o) (strlen)
/opt/ST/STM32CubeCLT_1.18.0/GNU-tools-for-STM32/bin/../lib/gcc/arm-none-eabi/13.3.1/../../../../arm-none-eabi/lib/thumb/v7-m/nofp/libc_nano.a(libc_a-dtoa.o)
                              /opt/ST/STM32CubeCLT_1.18.0/GNU-tools-for-STM32/bin/../lib/gcc/arm-none-eabi/13.3.1/../../../../arm-none-eabi/lib/thumb/v7-m/nofp/libc_nano.a(libc_a-nano-vfprintf_float.o) (_dtoa_r)
/opt/ST/STM32CubeCLT_1.18.0/GNU-tools-for-STM32/bin/../lib/gcc/arm-none-eabi/13.3.1/../../../../arm-none-eabi/lib/thumb/v7-m/nofp/libc_nano.a(libc_a-malloc.o)
                              /opt/ST/STM32CubeCLT_1.18.0/GNU-tools-for-STM32/bin/../lib/gcc/arm-none-eabi/13.3.1/../../../../arm-none-eabi/lib/thumb/v7-m/nofp/libc_nano.a(libc_a-dtoa.o) (malloc)
[...]
Memory Configuration

Name             Origin             Length             Attributes
RAM              0x20000000         0x00005000         xrw
FLASH            0x08000000         0x00010000         xr
*default*        0x00000000         0xffffffff

Linker script and memory map

LOAD /opt/ST/STM32CubeCLT_1.18.0/GNU-tools-for-STM32/bin/../lib/gcc/arm-none-eabi/13.3.1/thumb/v7-m/nofp/crti.o
LOAD /opt/ST/STM32CubeCLT_1.18.0/GNU-tools-for-STM32/bin/../lib/gcc/arm-none-eabi/13.3.1/thumb/v7-m/nofp/crtbegin.o
LOAD /opt/ST/STM32CubeCLT_1.18.0/GNU-tools-for-STM32/bin/../lib/gcc/arm-none-eabi/13.3.1/../../../../arm-none-eabi/lib/thumb/v7-m/nofp/crt0.o
START GROUP
LOAD /opt/ST/STM32CubeCLT_1.18.0/GNU-tools-for-STM32/bin/../lib/gcc/arm-none-eabi/13.3.1/../../../../arm-none-eabi/lib/thumb/v7-m/nofp/libc_nano.a
LOAD /opt/ST/STM32CubeCLT_1.18.0/GNU-tools-for-STM32/bin/../lib/gcc/arm-none-eabi/13.3.1/../../../../arm-none-eabi/lib/thumb/v7-m/nofp/libm.a
END GROUP
LOAD cmake/stm32cubemx/CMakeFiles/STM32_Drivers.dir/__/__/Core/Src/system_stm32f1xx.c.obj
LOAD cmake/stm32cubemx/CMakeFiles/STM32_Drivers.dir/__/__/Drivers/STM32F1xx_HAL_Driver/Src/stm32f1xx_hal_gpio_ex.c.obj
LOAD cmake/stm32cubemx/CMakeFiles/STM32_Drivers.dir/__/__/Drivers/STM32F1xx_HAL_Driver/Src/stm32f1xx_hal_adc.c.obj
LOAD cmake/stm32cubemx/CMakeFiles/STM32_Drivers.dir/__/__/Drivers/STM32F1xx_HAL_Driver/Src/stm32f1xx_hal_adc_ex.c.obj
LOAD cmake/stm32cubemx/CMakeFiles/STM32_Drivers.dir/__/__/Drivers/STM32F1xx_HAL_Driver/Src/stm32f1xx_hal.c.obj
LOAD cmake/stm32cubemx/CMakeFiles/STM32_Drivers.dir/__/__/Drivers/STM32F1xx_HAL_Driver/Src/stm32f1xx_hal_rcc.c.obj
LOAD cmake/stm32cubemx/CMakeFiles/STM32_Drivers.dir/__/__/Drivers/STM32F1xx_HAL_Driver/Src/stm32f1xx_hal_rcc_ex.c.obj
LOAD cmake/stm32cubemx/CMakeFiles/STM32_Drivers.dir/__/__/Drivers/STM32F1xx_HAL_Driver/Src/stm32f1xx_hal_gpio.c.obj
LOAD cmake/stm32cubemx/CMakeFiles/STM32_Drivers.dir/__/__/Drivers/STM32F1xx_HAL_Driver/Src/stm32f1xx_hal_dma.c.obj
LOAD cmake/stm32cubemx/CMakeFiles/STM32_Drivers.dir/__/__/Drivers/STM32F1xx_HAL_Driver/Src/stm32f1xx_hal_cortex.c.obj
LOAD cmake/stm32cubemx/CMakeFiles/STM32_Drivers.dir/__/__/Drivers/STM32F1xx_HAL_Driver/Src/stm32f1xx_hal_pwr.c.obj
LOAD cmake/stm32cubemx/CMakeFiles/STM32_Drivers.dir/__/__/Drivers/STM32F1xx_HAL_Driver/Src/stm32f1xx_hal_flash.c.obj
LOAD cmake/stm32cubemx/CMakeFiles/STM32_Drivers.dir/__/__/Drivers/STM32F1xx_HAL_Driver/Src/stm32f1xx_hal_flash_ex.c.obj
LOAD cmake/stm32cubemx/CMakeFiles/STM32_Drivers.dir/__/__/Drivers/STM32F1xx_HAL_Driver/Src/stm32f1xx_hal_exti.c.obj
LOAD cmake/stm32cubemx/CMakeFiles/STM32_Drivers.dir/__/__/Drivers/STM32F1xx_HAL_Driver/Src/stm32f1xx_hal_tim.c.obj
LOAD cmake/stm32cubemx/CMakeFiles/STM32_Drivers.dir/__/__/Drivers/STM32F1xx_HAL_Driver/Src/stm32f1xx_hal_tim_ex.c.obj
LOAD cmake/stm32cubemx/CMakeFiles/STM32_Drivers.dir/__/__/Drivers/STM32F1xx_HAL_Driver/Src/stm32f1xx_hal_uart.c.obj
LOAD CMakeFiles/ndsp_embedded_exercise.dir/Core/Src/main.c.obj
LOAD CMakeFiles/ndsp_embedded_exercise.dir/Core/Src/stm32f1xx_it.c.obj
LOAD CMakeFiles/ndsp_embedded_exercise.dir/Core/Src/stm32f1xx_hal_msp.c.obj
LOAD CMakeFiles/ndsp_embedded_exercise.dir/Core/Src/sysmem.c.obj
LOAD CMakeFiles/ndsp_embedded_exercise.dir/Core/Src/syscalls.c.obj
LOAD CMakeFiles/ndsp_embedded_exercise.dir/startup_stm32f103xb.s.obj
START GROUP
LOAD /opt/ST/STM32CubeCLT_1.18.0/GNU-tools-for-STM32/bin/../lib/gcc/arm-none-eabi/13.3.1/thumb/v7-m/nofp/libgcc.a
LOAD /opt/ST/STM32CubeCLT_1.18.0/GNU-tools-for-STM32/bin/../lib/gcc/arm-none-eabi/13.3.1/../../../../arm-none-eabi/lib/thumb/v7-m/nofp/libg_nano.a
LOAD /opt/ST/STM32CubeCLT_1.18.0/GNU-tools-for-STM32/bin/../lib/gcc/arm-none-eabi/13.3.1/../../../../arm-none-eabi/lib/thumb/v7-m/nofp/libc_nano.a
END GROUP
START GROUP
LOAD /opt/ST/STM32CubeCLT_1.18.0/GNU-tools-for-STM32/bin/../lib/gcc/arm-none-eabi/13.3.1/thumb/v7-m/nofp/libgcc.a
LOAD /opt/ST/STM32CubeCLT_1.18.0/GNU-tools-for-STM32/bin/../lib/gcc/arm-none-eabi/13.3.1/../../../../arm-none-eabi/lib/thumb/v7-m/nofp/libc_nano.a
END GROUP
LOAD /opt/ST/STM32CubeCLT_1.18.0/GNU-tools-for-STM32/bin/../lib/gcc/arm-none-eabi/13.3.1/thumb/v7-m/nofp/crtend.o
LOAD /opt/ST/STM32CubeCLT_1.18.0/GNU-tools-for-STM32/bin/../lib/gcc/arm-none-eabi/13.3.1/thumb/v7-m/nofp/crtn.o
                0x20005000                        _estack = (ORIGIN (RAM) + LENGTH (RAM))
                0x00000200                        _Min_Heap_Size = 0x200
                0x00000400                        _Min_Stack_Size = 0x400

.isr_vector     0x08000000      0x10c
                0x08000000                        . = ALIGN (0x4)
 *(.isr_vector)
 .isr_vector    0x08000000      0x10c CMakeFiles/ndsp_embedded_exercise.dir/startup_stm32f103xb.s.obj
                0x08000000                g_pfnVectors
                0x0800010c                        . = ALIGN (0x4)

.text           0x08000110     0x932c
                0x08000110                        . = ALIGN (0x4)
 *(.text)
 .text          0x08000110       0x40 /opt/ST/STM32CubeCLT_1.18.0/GNU-tools-for-STM32/bin/../lib/gcc/arm-none-eabi/13.3.1/thumb/v7-m/nofp/crtbegin.o
 .text          0x08000150       0x10 /opt/ST/STM32CubeCLT_1.18.0/GNU-tools-for-STM32/bin/../lib/gcc/arm-none-eabi/13.3.1/../../../../arm-none-eabi/lib/thumb/v7-m/nofp/libc_nano.a(libc_a-strlen.o)
                0x08000150                strlen
 .text          0x08000160       0x14 /opt/ST/STM32CubeCLT_1.18.0/GNU-tools-for-STM32/bin/../lib/gcc/arm-none-eabi/13.3.1/../../../../arm-none-eabi/lib/thumb/v7-m/nofp/libc_nano.a(libc_a-strcmp.o)
                0x08000160                strcmp
 .text          0x08000174      0x378 /opt/ST/STM32CubeCLT_1.18.0/GNU-tools-for-STM32/bin/../lib/gcc/arm-none-eabi/13.3.1/thumb/v7-m/nofp/libgcc.a(_arm_addsubdf3.o)
                0x08000174                __aeabi_drsub
                0x0800017c                __subdf3
                0x0800017c                __aeabi_dsub
                0x08000180                __aeabi_dadd
                0x08000180                __adddf3
                0x080003f8                __aeabi_ui2d
                0x080003f8                __floatunsidf
                0x08000418                __floatsidf
                0x08000418                __aeabi_i2d
                0x0800043c                __extendsfdf2
                0x0800043c                __aeabi_f2d
                0x08000480                __aeabi_ul2d
                0x08000480                __floatundidf
                0x08000490                __aeabi_l2d
                0x08000490                __floatdidf
 .text          0x080004ec      0x424 /opt/ST/STM32CubeCLT_1.18.0/GNU-tools-for-STM32/bin/../lib/gcc/arm-none-eabi/13.3.1/thumb/v7-m/nofp/libgcc.a(_arm_muldivdf3.o)
                0x080004ec                __aeabi_dmul
                0x080004ec                __muldf3
                0x08000740                __aeabi_ddiv
                0x08000740                __divdf3
 .text          0x08000910      0x110 /opt/ST/STM32CubeCLT_1.18.0/GNU-tools-for-STM32/bin/../lib/gcc/arm-none-eabi/13.3.1/thumb/v7-m/nofp/libgcc.a(_arm_cmpdf2.o)
                0x08000910                __gedf2
                0x08000910                __gtdf2
                0x08000918                __ledf2
                0x08000918                __ltdf2
                0x08000920                __cmpdf2
                0x08000920                __eqdf2
                0x08000920                __nedf2
                0x0800099c                __aeabi_cdrcmple
                0x080009ac                __aeabi_cdcmple
                0x080009ac                __aeabi_cdcmpeq
                0x080009bc                __aeabi_dcmpeq
                0x080009d0                __aeabi_dcmplt
                0x080009e4                __aeabi_dcmple
                0x080009f8                __aeabi_dcmpge
                0x08000a0c                __aeabi_dcmpgt
 .text          0x08000a20       0x2c /opt/ST/STM32CubeCLT_1.18.0/GNU-tools-for-STM32/bin/../lib/gcc/arm-none-eabi/13.3.1/thumb/v7-m/nofp/libgcc.a(_arm_unorddf2.o)
                0x08000a20                __aeabi_dcmpun
                0x08000a20                __unorddf2
 .text          0x08000a4c       0x50 /opt/ST/STM32CubeCLT_1.18.0/GNU-tools-for-STM32/bin/../lib/gcc/arm-none-eabi/13.3.1/thumb/v7-m/nofp/libgcc.a(_arm_fixdfsi.o)
                0x08000a4c                __fixdfsi
                0x08000a4c                __aeabi_d2iz
 .text          0x08000a9c      0x21c /opt/ST/STM32CubeCLT_1.18.0/GNU-tools-for-STM32/bin/../lib/gcc/arm-none-eabi/13.3.1/thumb/v7-m/nofp/libgcc.a(_arm_addsubsf3.o)
                0x08000a9c                __aeabi_frsub
                0x08000aa4                __aeabi_fsub
                0x08000aa4                __subsf3
                0x08000aa8                __aeabi_fadd
                0x08000aa8                __addsf3
                0x08000c08                __aeabi_ui2f
                0x08000c08                __floatunsisf
                0x08000c10                __floatsisf
                0x08000c10                __aeabi_i2f
                0x08000c2c                __aeabi_ul2f
                0x08000c2c                __floatundisf
                0x08000c3c                __aeabi_l2f
                0x08000c3c                __floatdisf
 .text          0x08000cb8      0x2a0 /opt/ST/STM32CubeCLT_1.18.0/GNU-tools-for-STM32/bin/../lib/gcc/arm-none-eabi/13.3.1/thumb/v7-m/nofp/libgcc.a(_arm_muldivsf3.o)
                0x08000cb8                __mulsf3
                0x08000cb8                __aeabi_fmul
                0x08000e20                __divsf3
                0x08000e20                __aeabi_fdiv
 .text          0x08000f58       0xec /opt/ST/STM32CubeCLT_1.18.0/GNU-tools-for-STM32/bin/../lib/gcc/arm-none-eabi/13.3.1/thumb/v7-m/nofp/libgcc.a(_arm_cmpsf2.o)
                0x08000f58                __gesf2
                0x08000f58                __gtsf2
                0x08000f60                __ltsf2
                0x08000f60                __lesf2
                0x08000f68                __nesf2
                0x08000f68                __eqsf2
                0x08000f68                __cmpsf2
                0x08000fc8                __aeabi_cfrcmple
                0x08000fd0                __aeabi_cfcmpeq
                0x08000fd0                __aeabi_cfcmple
                0x08000fe0                __aeabi_fcmpeq
                0x08000ff4                __aeabi_fcmplt
                0x08001008                __aeabi_fcmple
                0x0800101c                __aeabi_fcmpge
                0x08001030                __aeabi_fcmpgt
 *(.text*)
 .text.__cvt    0x08001044       0xc8 /opt/ST/STM32CubeCLT_1.18.0/GNU-tools-for-STM32/bin/../lib/gcc/arm-none-eabi/13.3.1/../../../../arm-none-eabi/lib/thumb/v7-m/nofp/libc_nano.a(libc_a-nano-vfprintf_float.o)
                0x08001044                __cvt
 .text.__exponent
                0x0800110c       0x74 /opt/ST/STM32CubeCLT_1.18.0/GNU-tools-for-STM32/bin/../lib/gcc/arm-none-eabi/13.3.1/../../../../arm-none-eabi/lib/thumb/v7-m/nofp/libc_nano.a(libc_a-nano-vfprintf_float.o)
                0x0800110c                __exponent
 .text._printf_float
                0x08001180      0x458 /opt/ST/STM32CubeCLT_1.18.0/GNU-tools-for-STM32/bin/../lib/gcc/arm-none-eabi/13.3.1/../../../../arm-none-eabi/lib/thumb/v7-m/nofp/libc_nano.a(libc_a-nano-vfprintf_float.o)
                0x08001180                _printf_float
 .text._printf_common
                0x080015d8       0xe4 /opt/ST/STM32CubeCLT_1.18.0/GNU-tools-for-STM32/bin/../lib/gcc/arm-none-eabi/13.3.1/../../../../arm-none-eabi/lib/thumb/v7-m/nofp/libc_nano.a(libc_a-nano-vfprintf_i.o)
                0x080015d8                _printf_common
 .text._printf_i
                0x080016bc      0x23c /opt/ST/STM32CubeCLT_1.18.0/GNU-tools-for-STM32/bin/../lib/gcc/arm-none-eabi/13.3.1/../../../../arm-none-eabi/lib/thumb/v7-m/nofp/libc_nano.a(libc_a-nano-vfprintf_i.o)
                0x080016bc                _printf_i
 .text.std      0x080018f8       0x6c /opt/ST/STM32CubeCLT_1.18.0/GNU-tools-for-STM32/bin/../lib/gcc/arm-none-eabi/13.3.1/../../../../arm-none-eabi/lib/thumb/v7-m/nofp/libc_nano.a(libc_a-findfp.o)
 .text.stdio_exit_handler
                0x08001964       0x18 /opt/ST/STM32CubeCLT_1.18.0/GNU-tools-for-STM32/bin/../lib/gcc/arm-none-eabi/13.3.1/../../../../arm-none-eabi/lib/thumb/v7-m/nofp/libc_nano.a(libc_a-findfp.o)
 .text.cleanup_stdio
                0x0800197c       0x40 /opt/ST/STM32CubeCLT_1.18.0/GNU-tools-for-STM32/bin/../lib/gcc/arm-none-eabi/13.3.1/../../../../arm-none-eabi/lib/thumb/v7-m/nofp/libc_nano.a(libc_a-findfp.o)
 .text.global_stdio_init.part.0
                0x080019bc       0x3c /opt/ST/STM32CubeCLT_1.18.0/GNU-tools-for-STM32/bin/../lib/gcc/arm-none-eabi/13.3.1/../../../../arm-none-eabi/lib/thumb/v7-m/nofp/libc_nano.a(libc_a-findfp.o)
 .text.__sfp_lock_acquire
                0x080019f8        0xc /opt/ST/STM32CubeCLT_1.18.0/GNU-tools-for-STM32/bin/../lib/gcc/arm-none-eabi/13.3.1/../../../../arm-none-eabi/lib/thumb/v7-m/nofp/libc_nano.a(libc_a-findfp.o)
                0x080019f8                __sfp_lock_acquire
 .text.__sfp_lock_release
                0x08001a04        0xc /opt/ST/STM32CubeCLT_1.18.0/GNU-tools-for-STM32/bin/../lib/gcc/arm-none-eabi/13.3.1/../../../../arm-none-eabi/lib/thumb/v7-m/nofp/libc_nano.a(libc_a-findfp.o)
                0x08001a04                __sfp_lock_release
 .text.__sinit  0x08001a10       0x30 /opt/ST/STM32CubeCLT_1.18.0/GNU-tools-for-STM32/bin/../lib/gcc/arm-none-eabi/13.3.1/../../../../arm-none-eabi/lib/thumb/v7-m/nofp/libc_nano.a(libc_a-findfp.o)
                0x08001a10                __sinit
 .text._fwalk_sglue
                0x08001a40       0x3c /opt/ST/STM32CubeCLT_1.18.0/GNU-tools-for-STM32/bin/../lib/gcc/arm-none-eabi/13.3.1/../../../../arm-none-eabi/lib/thumb/v7-m/nofp/libc_nano.a(libc_a-fwalk.o)
                0x08001a40                _fwalk_sglue
 .text.memset   0x08001a7c       0x10 /opt/ST/STM32CubeCLT_1.18.0/GNU-tools-for-STM32/bin/../lib/gcc/arm-none-eabi/13.3.1/../../../../arm-none-eabi/lib/thumb/v7-m/nofp/libc_nano.a(libc_a-memset.o)
                0x08001a7c                memset
 .text.__libc_init_array
                0x08001a8c       0x48 /opt/ST/STM32CubeCLT_1.18.0/GNU-tools-for-STM32/bin/../lib/gcc/arm-none-eabi/13.3.1/../../../../arm-none-eabi/lib/thumb/v7-m/nofp/libc_nano.a(libc_a-init.o)
                0x08001a8c                __libc_init_array
 .text.__retarget_lock_init_recursive
                0x08001ad4        0x2 /opt/ST/STM32CubeCLT_1.18.0/GNU-tools-for-STM32/bin/../lib/gcc/arm-none-eabi/13.3.1/../../../../arm-none-eabi/lib/thumb/v7-m/nofp/libc_nano.a(libc_a-lock.o)
                0x08001ad4                __retarget_lock_init_recursive
 .text.__retarget_lock_acquire_recursive
                0x08001ad6        0x2 /opt/ST/STM32CubeCLT_1.18.0/GNU-tools-for-STM32/bin/../lib/gcc/arm-none-eabi/13.3.1/../../../../arm-none-eabi/lib/thumb/v7-m/nofp/libc_nano.a(libc_a-lock.o)
                0x08001ad6                __retarget_lock_acquire_recursive
 .text.__retarget_lock_release_recursive
                0x08001ad8        0x2 /opt/ST/STM32CubeCLT_1.18.0/GNU-tools-for-STM32/bin/../lib/gcc/arm-none-eabi/13.3.1/../../../../arm-none-eabi/lib/thumb/v7-m/nofp/libc_nano.a(libc_a-lock.o)
                0x08001ad8                __retarget_lock_release_recursive
 *fill*         0x08001ada        0x2 
 .text._localeconv_r
                0x08001adc        0x8 /opt/ST/STM32CubeCLT_1.18.0/GNU-tools-for-STM32/bin/../lib/gcc/arm-none-eabi/13.3.1/../../../../arm-none-eabi/lib/thumb/v7-m/nofp/libc_nano.a(libc_a-localeconv.o)
                0x08001adc                _localeconv_r
 .text.memchr   0x08001ae4       0x1c /opt/ST/STM32CubeCLT_1.18.0/GNU-tools-for-STM32/bin/../lib/gcc/arm-none-eabi/13.3.1/../../../../arm-none-eabi/lib/thumb/v7-m/nofp/libc_nano.a(libc_a-memchr-stub.o)
                0x08001ae4                memchr
 .text.quorem   0x08001b00      0x110 /opt/ST/STM32CubeCLT_1.18.0/GNU-tools-for-STM32/bin/../lib/gcc/arm-none-eabi/13.3.1/../../../../arm-none-eabi/lib/thumb/v7-m/nofp/libc_nano.a(libc_a-dtoa.o)
 .text._dtoa_r  0x08001c10      0xba8 /opt/ST/STM32CubeCLT_1.18.0/GNU-tools-for-STM32/bin/../lib/gcc/arm-none-eabi/13.3.1/../../../../arm-none-eabi/lib/thumb/v7-m/nofp/libc_nano.a(libc_a-dtoa.o)
                0x08001c10                _dtoa_r
 .text.malloc   0x080027b8       0x10 /opt/ST/STM32CubeCLT_1.18.0/GNU-tools-for-STM32/bin/../lib/gcc/arm-none-eabi/13.3.1/../../../../arm-none-eabi/lib/thumb/v7-m/nofp/libc_nano.a(libc_a-malloc.o)
                0x080027b8                malloc
 .text.sbrk_aligned
                0x080027c8       0x44 /opt/ST/STM32CubeCLT_1.18.0/GNU-tools-for-STM32/bin/../lib/gcc/arm-none-eabi/13.3.1/../../../../arm-none-eabi/lib/thumb/v7-m/nofp/libc_nano.a(libc_a-mallocr.o)
 .text._malloc_r
                0x0800280c      0x100 /opt/ST/STM32CubeCLT_1.18.0/GNU-tools-for-STM32/bin/../lib/gcc/arm-none-eabi/13.3.1/../../../../arm-none-eabi/lib/thumb/v7-m/nofp/libc_nano.a(libc_a-mallocr.o)
                0x0800280c                _malloc_r
 .text.__sflush_r
                0x0800290c      0x100 /opt/ST/STM32CubeCLT_1.18.0/GNU-tools-for-STM32/bin/../lib/gcc/arm-none-eabi/13.3.1/../../../../arm-none-eabi/lib/thumb/v7-m/nofp/libc_nano.a(libc_a-fflush.o)
                0x0800290c                __sflush_r
 .text._fflush_r
                0x08002a0c       0x50 /opt/ST/STM32CubeCLT_1.18.0/GNU-tools-for-STM32/bin/../lib/gcc/arm-none-eabi/13.3.1/../../../../arm-none-eabi/lib/thumb/v7-m/nofp/libc_nano.a(libc_a-fflush.o)
                0x08002a0c                _fflush_r
 .text.__malloc_lock
                0x08002a5c        0xc /opt/ST/STM32CubeCLT_1.18.0/GNU-tools-for-STM32/bin/../lib/gcc/arm-none-eabi/13.3.1/../../../../arm-none-eabi/lib/thumb/v7-m/nofp/libc_nano.a(libc_a-mlock.o)
                0x08002a5c                __malloc_lock
 .text.__malloc_unlock
                0x08002a68        0xc /opt/ST/STM32CubeCLT_1.18.0/GNU-tools-for-STM32/bin/../lib/gcc/arm-none-eabi/13.3.1/../../../../arm-none-eabi/lib/thumb/v7-m/nofp/libc_nano.a(libc_a-mlock.o)
                0x08002a68                __malloc_unlock
 .text._Balloc  0x08002a74       0x80 /opt/ST/STM32CubeCLT_1.18.0/GNU-tools-for-STM32/bin/../lib/gcc/arm-none-eabi/13.3.1/../../../../arm-none-eabi/lib/thumb/v7-m/nofp/libc_nano.a(libc_a-mprec.o)
                0x08002a74                _Balloc
 .text._Bfree   0x08002af4       0x44 /opt/ST/STM32CubeCLT_1.18.0/GNU-tools-for-STM32/bin/../lib/gcc/arm-none-eabi/13.3.1/../../../../arm-none-eabi/lib/thumb/v7-m/nofp/libc_nano.a(libc_a-mprec.o)
                0x08002af4                _Bfree
 .text.__multadd
                0x08002b38       0x8c /opt/ST/STM32CubeCLT_1.18.0/GNU-tools-for-STM32/bin/../lib/gcc/arm-none-eabi/13.3.1/../../../../arm-none-eabi/lib/thumb/v7-m/nofp/libc_nano.a(libc_a-mprec.o)
                0x08002b38                __multadd
 .text.__hi0bits
                0x08002bc4       0x3e /opt/ST/STM32CubeCLT_1.18.0/GNU-tools-for-STM32/bin/../lib/gcc/arm-none-eabi/13.3.1/../../../../arm-none-eabi/lib/thumb/v7-m/nofp/libc_nano.a(libc_a-mprec.o)
                0x08002bc4                __hi0bits
 .text.__lo0bits
                0x08002c02       0x5a /opt/ST/STM32CubeCLT_1.18.0/GNU-tools-for-STM32/bin/../lib/gcc/arm-none-eabi/13.3.1/../../../../arm-none-eabi/lib/thumb/v7-m/nofp/libc_nano.a(libc_a-mprec.o)
                0x08002c02                __lo0bits
 .text.__i2b    0x08002c5c       0x2c /opt/ST/STM32CubeCLT_1.18.0/GNU-tools-for-STM32/bin/../lib/gcc/arm-none-eabi/13.3.1/../../../../arm-none-eabi/lib/thumb/v7-m/nofp/libc_nano.a(libc_a-mprec.o)
                0x08002c5c                __i2b
 .text.__multiply
                0x08002c88      0x144 /opt/ST/STM32CubeCLT_1.18.0/GNU-tools-for-STM32/bin/../lib/gcc/arm-none-eabi/13.3.1/../../../../arm-none-eabi/lib/thumb/v7-m/nofp/libc_nano.a(libc_a-mprec.o)
                0x08002c88                __multiply
 .text.__pow5mult
                0x08002dcc       0xb4 /opt/ST/STM32CubeCLT_1.18.0/GNU-tools-for-STM32/bin/../lib/gcc/arm-none-eabi/13.3.1/../../../../arm-none-eabi/lib/thumb/v7-m/nofp/libc_nano.a(libc_a-mprec.o)
                0x08002dcc                __pow5mult
 .text.__lshift
                0x08002e80       0xd8 /opt/ST/STM32CubeCLT_1.18.0/GNU-tools-for-STM32/bin/../lib/gcc/arm-none-eabi/13.3.1/../../../../arm-none-eabi/lib/thumb/v7-m/nofp/libc_nano.a(libc_a-mprec.o)
                0x08002e80                __lshift
 .text.__mcmp   0x08002f58       0x36 /opt/ST/STM32CubeCLT_1.18.0/GNU-tools-for-STM32/bin/../lib/gcc/arm-none-eabi/13.3.1/../../../../arm-none-eabi/lib/thumb/v7-m/nofp/libc_nano.a(libc_a-mprec.o)
                0x08002f58                __mcmp
 *fill*         0x08002f8e        0x2 
 .text.__mdiff  0x08002f90      0x128 /opt/ST/STM32CubeCLT_1.18.0/GNU-tools-for-STM32/bin/../lib/gcc/arm-none-eabi/13.3.1/../../../../arm-none-eabi/lib/thumb/v7-m/nofp/libc_nano.a(libc_a-mprec.o)
                0x08002f90                __mdiff
 .text.__d2b    0x080030b8       0xb0 /opt/ST/STM32CubeCLT_1.18.0/GNU-tools-for-STM32/bin/../lib/gcc/arm-none-eabi/13.3.1/../../../../arm-none-eabi/lib/thumb/v7-m/nofp/libc_nano.a(libc_a-mprec.o)
                0x080030b8                __d2b
 .text.__sread  0x08003168       0x22 /opt/ST/STM32CubeCLT_1.18.0/GNU-tools-for-STM32/bin/../lib/gcc/arm-none-eabi/13.3.1/../../../../arm-none-eabi/lib/thumb/v7-m/nofp/libc_nano.a(libc_a-stdio.o)
                0x08003168                __sread
 .text.__seofread
                0x0800318a        0x4 /opt/ST/STM32CubeCLT_1.18.0/GNU-tools-for-STM32/bin/../lib/gcc/arm-none-eabi/13.3.1/../../../../arm-none-eabi/lib/thumb/v7-m/nofp/libc_nano.a(libc_a-stdio.o)
                0x0800318a                __seofread
 .text.__swrite
                0x0800318e       0x38 /opt/ST/STM32CubeCLT_1.18.0/GNU-tools-for-STM32/bin/../lib/gcc/arm-none-eabi/13.3.1/../../../../arm-none-eabi/lib/thumb/v7-m/nofp/libc_nano.a(libc_a-stdio.o)
                0x0800318e                __swrite
 .text.__sseek  0x080031c6       0x24 /opt/ST/STM32CubeCLT_1.18.0/GNU-tools-for-STM32/bin/../lib/gcc/arm-none-eabi/13.3.1/../../../../arm-none-eabi/lib/thumb/v7-m/nofp/libc_nano.a(libc_a-stdio.o)
                0x080031c6                __sseek
 .text.__sclose
                0x080031ea        0x8 /opt/ST/STM32CubeCLT_1.18.0/GNU-tools-for-STM32/bin/../lib/gcc/arm-none-eabi/13.3.1/../../../../arm-none-eabi/lib/thumb/v7-m/nofp/libc_nano.a(libc_a-stdio.o)
                0x080031ea                __sclose
 *fill*         0x080031f2        0x2 
 .text._lseek_r
                0x080031f4       0x24 /opt/ST/STM32CubeCLT_1.18.0/GNU-tools-for-STM32/bin/../lib/gcc/arm-none-eabi/13.3.1/../../../../arm-none-eabi/lib/thumb/v7-m/nofp/libc_nano.a(libc_a-lseekr.o)
                0x080031f4                _lseek_r
 .text._read_r  0x08003218       0x24 /opt/ST/STM32CubeCLT_1.18.0/GNU-tools-for-STM32/bin/../lib/gcc/arm-none-eabi/13.3.1/../../../../arm-none-eabi/lib/thumb/v7-m/nofp/libc_nano.a(libc_a-readr.o)
                0x08003218                _read_r
 .text._sbrk_r  0x0800323c       0x20 /opt/ST/STM32CubeCLT_1.18.0/GNU-tools-for-STM32/bin/../lib/gcc/arm-none-eabi/13.3.1/../../../../arm-none-eabi/lib/thumb/v7-m/nofp/libc_nano.a(libc_a-sbrkr.o)
                0x0800323c                _sbrk_r
 .text._write_r
                0x0800325c       0x24 /opt/ST/STM32CubeCLT_1.18.0/GNU-tools-for-STM32/bin/../lib/gcc/arm-none-eabi/13.3.1/../../../../arm-none-eabi/lib/thumb/v7-m/nofp/libc_nano.a(libc_a-writer.o)
                0x0800325c                _write_r
 .text._close_r
                0x08003280       0x20 /opt/ST/STM32CubeCLT_1.18.0/GNU-tools-for-STM32/bin/../lib/gcc/arm-none-eabi/13.3.1/../../../../arm-none-eabi/lib/thumb/v7-m/nofp/libc_nano.a(libc_a-closer.o)
                0x08003280                _close_r
 .text.memcpy   0x080032a0       0x1c /opt/ST/STM32CubeCLT_1.18.0/GNU-tools-for-STM32/bin/../lib/gcc/arm-none-eabi/13.3.1/../../../../arm-none-eabi/lib/thumb/v7-m/nofp/libc_nano.a(libc_a-memcpy-stub.o)
                0x080032a0                memcpy
 .text.__assert_func
                0x080032bc       0x3c /opt/ST/STM32CubeCLT_1.18.0/GNU-tools-for-STM32/bin/../lib/gcc/arm-none-eabi/13.3.1/../../../../arm-none-eabi/lib/thumb/v7-m/nofp/libc_nano.a(libc_a-assert.o)
                0x080032bc                __assert_func
 .text._calloc_r
                0x080032f8       0x28 /opt/ST/STM32CubeCLT_1.18.0/GNU-tools-for-STM32/bin/../lib/gcc/arm-none-eabi/13.3.1/../../../../arm-none-eabi/lib/thumb/v7-m/nofp/libc_nano.a(libc_a-callocr.o)
                0x080032f8                _calloc_r
 .text._free_r  0x08003320       0x90 /opt/ST/STM32CubeCLT_1.18.0/GNU-tools-for-STM32/bin/../lib/gcc/arm-none-eabi/13.3.1/../../../../arm-none-eabi/lib/thumb/v7-m/nofp/libc_nano.a(libc_a-freer.o)
                0x08003320                _free_r
 .text.__ascii_mbtowc
                0x080033b0       0x24 /opt/ST/STM32CubeCLT_1.18.0/GNU-tools-for-STM32/bin/../lib/gcc/arm-none-eabi/13.3.1/../../../../arm-none-eabi/lib/thumb/v7-m/nofp/libc_nano.a(libc_a-mbtowc_r.o)
                0x080033b0                __ascii_mbtowc
 .text.fprintf  0x080033d4       0x24 /opt/ST/STM32CubeCLT_1.18.0/GNU-tools-for-STM32/bin/../lib/gcc/arm-none-eabi/13.3.1/../../../../arm-none-eabi/lib/thumb/v7-m/nofp/libc_nano.a(libc_a-fprintf.o)
                0x080033d4                fprintf
                0x080033d4                fiprintf
 .text.__ascii_wctomb
                0x080033f8       0x1a /opt/ST/STM32CubeCLT_1.18.0/GNU-tools-for-STM32/bin/../lib/gcc/arm-none-eabi/13.3.1/../../../../arm-none-eabi/lib/thumb/v7-m/nofp/libc_nano.a(libc_a-wctomb_r.o)
                0x080033f8                __ascii_wctomb
 .text.abort    0x08003412        0xe /opt/ST/STM32CubeCLT_1.18.0/GNU-tools-for-STM32/bin/../lib/gcc/arm-none-eabi/13.3.1/../../../../arm-none-eabi/lib/thumb/v7-m/nofp/libc_nano.a(libc_a-abort.o)
                0x08003412                abort
 .text.__sfputc_r
                0x08003420       0x2a /opt/ST/STM32CubeCLT_1.18.0/GNU-tools-for-STM32/bin/../lib/gcc/arm-none-eabi/13.3.1/../../../../arm-none-eabi/lib/thumb/v7-m/nofp/libc_nano.a(libc_a-nano-vfprintf.o)
 .text.__sfputs_r
                0x0800344a       0x24 /opt/ST/STM32CubeCLT_1.18.0/GNU-tools-for-STM32/bin/../lib/gcc/arm-none-eabi/13.3.1/../../../../arm-none-eabi/lib/thumb/v7-m/nofp/libc_nano.a(libc_a-nano-vfprintf.o)
                0x0800344a                __sfputs_r
 *fill*         0x0800346e        0x2 
 .text._vfprintf_r
                0x08003470      0x230 /opt/ST/STM32CubeCLT_1.18.0/GNU-tools-for-STM32/bin/../lib/gcc/arm-none-eabi/13.3.1/../../../../arm-none-eabi/lib/thumb/v7-m/nofp/libc_nano.a(libc_a-nano-vfprintf.o)
                0x08003470                _vfiprintf_r
                0x08003470                _vfprintf_r
 .text.__swbuf_r
                0x080036a0       0x7c /opt/ST/STM32CubeCLT_1.18.0/GNU-tools-for-STM32/bin/../lib/gcc/arm-none-eabi/13.3.1/../../../../arm-none-eabi/lib/thumb/v7-m/nofp/libc_nano.a(libc_a-wbuf.o)
                0x080036a0                __swbuf_r
 .text.__swsetup_r
                0x0800371c       0xac /opt/ST/STM32CubeCLT_1.18.0/GNU-tools-for-STM32/bin/../lib/gcc/arm-none-eabi/13.3.1/../../../../arm-none-eabi/lib/thumb/v7-m/nofp/libc_nano.a(libc_a-wsetup.o)
                0x0800371c                __swsetup_r
 .text.__swhatbuf_r
                0x080037c8       0x4a /opt/ST/STM32CubeCLT_1.18.0/GNU-tools-for-STM32/bin/../lib/gcc/arm-none-eabi/13.3.1/../../../../arm-none-eabi/lib/thumb/v7-m/nofp/libc_nano.a(libc_a-makebuf.o)
                0x080037c8                __swhatbuf_r
 .text.__smakebuf_r
                0x08003812       0x78 /opt/ST/STM32CubeCLT_1.18.0/GNU-tools-for-STM32/bin/../lib/gcc/arm-none-eabi/13.3.1/../../../../arm-none-eabi/lib/thumb/v7-m/nofp/libc_nano.a(libc_a-makebuf.o)
                0x08003812                __smakebuf_r
 .text.memmove  0x0800388a       0x34 /opt/ST/STM32CubeCLT_1.18.0/GNU-tools-for-STM32/bin/../lib/gcc/arm-none-eabi/13.3.1/../../../../arm-none-eabi/lib/thumb/v7-m/nofp/libc_nano.a(libc_a-memmove.o)
                0x0800388a                memmove
 .text._raise_r
                0x080038be       0x50 /opt/ST/STM32CubeCLT_1.18.0/GNU-tools-for-STM32/bin/../lib/gcc/arm-none-eabi/13.3.1/../../../../arm-none-eabi/lib/thumb/v7-m/nofp/libc_nano.a(libc_a-signal.o)
                0x080038be                _raise_r
 *fill*         0x0800390e        0x2 
 .text.raise    0x08003910       0x10 /opt/ST/STM32CubeCLT_1.18.0/GNU-tools-for-STM32/bin/../lib/gcc/arm-none-eabi/13.3.1/../../../../arm-none-eabi/lib/thumb/v7-m/nofp/libc_nano.a(libc_a-signal.o)
                0x08003910                raise
 .text._isatty_r
                0x08003920       0x20 /opt/ST/STM32CubeCLT_1.18.0/GNU-tools-for-STM32/bin/../lib/gcc/arm-none-eabi/13.3.1/../../../../arm-none-eabi/lib/thumb/v7-m/nofp/libc_nano.a(libc_a-isattyr.o)
                0x08003920                _isatty_r
 .text._kill_r  0x08003940       0x24 /opt/ST/STM32CubeCLT_1.18.0/GNU-tools-for-STM32/bin/../lib/gcc/arm-none-eabi/13.3.1/../../../../arm-none-eabi/lib/thumb/v7-m/nofp/libc_nano.a(libc_a-signalr.o)
                0x08003940                _kill_r
 .text._getpid_r
                0x08003964        0x4 /opt/ST/STM32CubeCLT_1.18.0/GNU-tools-for-STM32/bin/../lib/gcc/arm-none-eabi/13.3.1/../../../../arm-none-eabi/lib/thumb/v7-m/nofp/libc_nano.a(libc_a-signalr.o)
                0x08003964                _getpid_r
 .text._fstat_r
                0x08003968       0x24 /opt/ST/STM32CubeCLT_1.18.0/GNU-tools-for-STM32/bin/../lib/gcc/arm-none-eabi/13.3.1/../../../../arm-none-eabi/lib/thumb/v7-m/nofp/libc_nano.a(libc_a-fstatr.o)
                0x08003968                _fstat_r
 .text._realloc_r
                0x0800398c       0x5c /opt/ST/STM32CubeCLT_1.18.0/GNU-tools-for-STM32/bin/../lib/gcc/arm-none-eabi/13.3.1/../../../../arm-none-eabi/lib/thumb/v7-m/nofp/libc_nano.a(libc_a-reallocr.o)
                0x0800398c                _realloc_r
 .text._malloc_usable_size_r
                0x080039e8       0x10 /opt/ST/STM32CubeCLT_1.18.0/GNU-tools-for-STM32/bin/../lib/gcc/arm-none-eabi/13.3.1/../../../../arm-none-eabi/lib/thumb/v7-m/nofp/libc_nano.a(libc_a-msizer.o)
                0x080039e8                _malloc_usable_size_r
 .text.SystemInit
                0x080039f8        0xc cmake/stm32cubemx/CMakeFiles/STM32_Drivers.dir/__/__/Core/Src/system_stm32f1xx.c.obj
                0x080039f8                SystemInit
 .text.HAL_ADC_Init
                0x08003a04      0x1b0 cmake/stm32cubemx/CMakeFiles/STM32_Drivers.dir/__/__/Drivers/STM32F1xx_HAL_Driver/Src/stm32f1xx_hal_adc.c.obj
                0x08003a04                HAL_ADC_Init
 .text.HAL_ADC_Start_DMA
                0x08003bb4      0x1bc cmake/stm32cubemx/CMakeFiles/STM32_Drivers.dir/__/__/Drivers/STM32F1xx_HAL_Driver/Src/stm32f1xx_hal_adc.c.obj
                0x08003bb4                HAL_ADC_Start_DMA
 .text.HAL_ADC_IRQHandler
                0x08003d70      0x17e cmake/stm32cubemx/CMakeFiles/STM32_Drivers.dir/__/__/Drivers/STM32F1xx_HAL_Driver/Src/stm32f1xx_hal_adc.c.obj
                0x08003d70                HAL_ADC_IRQHandler
 .text.HAL_ADC_ConvHalfCpltCallback
                0x08003eee       0x12 cmake/stm32cubemx/CMakeFiles/STM32_Drivers.dir/__/__/Drivers/STM32F1xx_HAL_Driver/Src/stm32f1xx_hal_adc.c.obj
                0x08003eee                HAL_ADC_ConvHalfCpltCallback
 .text.HAL_ADC_LevelOutOfWindowCallback
                0x08003f00       0x12 cmake/stm32cubemx/CMakeFiles/STM32_Drivers.dir/__/__/Drivers/STM32F1xx_HAL_Driver/Src/stm32f1xx_hal_adc.c.obj
                0x08003f00                HAL_ADC_LevelOutOfWindowCallback
 .text.HAL_ADC_ErrorCallback
                0x08003f12       0x12 cmake/stm32cubemx/CMakeFiles/STM32_Drivers.dir/__/__/Drivers/STM32F1xx_HAL_Driver/Src/stm32f1xx_hal_adc.c.obj
                0x08003f12                HAL_ADC_ErrorCallback
 .text.HAL_ADC_ConfigChannel
                0x08003f24      0x1f0 cmake/stm32cubemx/CMakeFiles/STM32_Drivers.dir/__/__/Drivers/STM32F1xx_HAL_Driver/Src/stm32f1xx_hal_adc.c.obj
                0x08003f24                HAL_ADC_ConfigChannel
 .text.ADC_Enable
                0x08004114       0xb4 cmake/stm32cubemx/CMakeFiles/STM32_Drivers.dir/__/__/Drivers/STM32F1xx_HAL_Driver/Src/stm32f1xx_hal_adc.c.obj
                0x08004114                ADC_Enable
 .text.ADC_ConversionStop_Disable
                0x080041c8       0x82 cmake/stm32cubemx/CMakeFiles/STM32_Drivers.dir/__/__/Drivers/STM32F1xx_HAL_Driver/Src/stm32f1xx_hal_adc.c.obj
                0x080041c8                ADC_ConversionStop_Disable
 .text.ADC_DMAConvCplt
                0x0800424a       0x7c cmake/stm32cubemx/CMakeFiles/STM32_Drivers.dir/__/__/Drivers/STM32F1xx_HAL_Driver/Src/stm32f1xx_hal_adc.c.obj
                0x0800424a                ADC_DMAConvCplt
 .text.ADC_DMAHalfConvCplt
                0x080042c6       0x1c cmake/stm32cubemx/CMakeFiles/STM32_Drivers.dir/__/__/Drivers/STM32F1xx_HAL_Driver/Src/stm32f1xx_hal_adc.c.obj
                0x080042c6                ADC_DMAHalfConvCplt
 .text.ADC_DMAError
                0x080042e2       0x34 cmake/stm32cubemx/CMakeFiles/STM32_Drivers.dir/__/__/Drivers/STM32F1xx_HAL_Driver/Src/stm32f1xx_hal_adc.c.obj
                0x080042e2                ADC_DMAError
 .text.HAL_ADCEx_InjectedConvCpltCallback
                0x08004316       0x12 cmake/stm32cubemx/CMakeFiles/STM32_Drivers.dir/__/__/Drivers/STM32F1xx_HAL_Driver/Src/stm32f1xx_hal_adc_ex.c.obj
                0x08004316                HAL_ADCEx_InjectedConvCpltCallback
 .text.HAL_Init
                0x08004328       0x2c cmake/stm32cubemx/CMakeFiles/STM32_Drivers.dir/__/__/Drivers/STM32F1xx_HAL_Driver/Src/stm32f1xx_hal.c.obj
                0x08004328                HAL_Init
 .text.HAL_InitTick
                0x08004354       0x60 cmake/stm32cubemx/CMakeFiles/STM32_Drivers.dir/__/__/Drivers/STM32F1xx_HAL_Driver/Src/stm32f1xx_hal.c.obj
                0x08004354                HAL_InitTick
 .text.HAL_IncTick
                0x080043b4       0x24 cmake/stm32cubemx/CMakeFiles/STM32_Drivers.dir/__/__/Drivers/STM32F1xx_HAL_Driver/Src/stm32f1xx_hal.c.obj
                0x080043b4                HAL_IncTick
 .text.HAL_GetTick
                0x080043d8       0x14 cmake/stm32cubemx/CMakeFiles/STM32_Drivers.dir/__/__/Drivers/STM32F1xx_HAL_Driver/Src/stm32f1xx_hal.c.obj
                0x080043d8                HAL_GetTick
 .text.HAL_RCC_OscConfig
                0x080043ec      0x504 cmake/stm32cubemx/CMakeFiles/STM32_Drivers.dir/__/__/Drivers/STM32F1xx_HAL_Driver/Src/stm32f1xx_hal_rcc.c.obj
                0x080043ec                HAL_RCC_OscConfig
 .text.HAL_RCC_ClockConfig
                0x080048f0      0x1d4 cmake/stm32cubemx/CMakeFiles/STM32_Drivers.dir/__/__/Drivers/STM32F1xx_HAL_Driver/Src/stm32f1xx_hal_rcc.c.obj
                0x080048f0                HAL_RCC_ClockConfig
 .text.HAL_RCC_GetSysClockFreq
                0x08004ac4       0xa8 cmake/stm32cubemx/CMakeFiles/STM32_Drivers.dir/__/__/Drivers/STM32F1xx_HAL_Driver/Src/stm32f1xx_hal_rcc.c.obj
                0x08004ac4                HAL_RCC_GetSysClockFreq
 .text.HAL_RCC_GetHCLKFreq
                0x08004b6c       0x14 cmake/stm32cubemx/CMakeFiles/STM32_Drivers.dir/__/__/Drivers/STM32F1xx_HAL_Driver/Src/stm32f1xx_hal_rcc.c.obj
                0x08004b6c                HAL_RCC_GetHCLKFreq
 .text.HAL_RCC_GetPCLK1Freq
                0x08004b80       0x28 cmake/stm32cubemx/CMakeFiles/STM32_Drivers.dir/__/__/Drivers/STM32F1xx_HAL_Driver/Src/stm32f1xx_hal_rcc.c.obj
                0x08004b80                HAL_RCC_GetPCLK1Freq
 .text.HAL_RCC_GetPCLK2Freq
                0x08004ba8       0x28 cmake/stm32cubemx/CMakeFiles/STM32_Drivers.dir/__/__/Drivers/STM32F1xx_HAL_Driver/Src/stm32f1xx_hal_rcc.c.obj
                0x08004ba8                HAL_RCC_GetPCLK2Freq
 .text.RCC_Delay
                0x08004bd0       0x3c cmake/stm32cubemx/CMakeFiles/STM32_Drivers.dir/__/__/Drivers/STM32F1xx_HAL_Driver/Src/stm32f1xx_hal_rcc.c.obj
 .text.HAL_RCCEx_PeriphCLKConfig
                0x08004c0c      0x16c cmake/stm32cubemx/CMakeFiles/STM32_Drivers.dir/__/__/Drivers/STM32F1xx_HAL_Driver/Src/stm32f1xx_hal_rcc_ex.c.obj
                0x08004c0c                HAL_RCCEx_PeriphCLKConfig
 .text.HAL_GPIO_Init
                0x08004d78      0x308 cmake/stm32cubemx/CMakeFiles/STM32_Drivers.dir/__/__/Drivers/STM32F1xx_HAL_Driver/Src/stm32f1xx_hal_gpio.c.obj
                0x08004d78                HAL_GPIO_Init
 .text.HAL_DMA_Init
                0x08005080       0xb4 cmake/stm32cubemx/CMakeFiles/STM32_Drivers.dir/__/__/Drivers/STM32F1xx_HAL_Driver/Src/stm32f1xx_hal_dma.c.obj
                0x08005080                HAL_DMA_Init
 .text.HAL_DMA_Start_IT
                0x08005134       0xc0 cmake/stm32cubemx/CMakeFiles/STM32_Drivers.dir/__/__/Drivers/STM32F1xx_HAL_Driver/Src/stm32f1xx_hal_dma.c.obj
                0x08005134                HAL_DMA_Start_IT
 .text.HAL_DMA_Abort
                0x080051f4       0x76 cmake/stm32cubemx/CMakeFiles/STM32_Drivers.dir/__/__/Drivers/STM32F1xx_HAL_Driver/Src/stm32f1xx_hal_dma.c.obj
                0x080051f4                HAL_DMA_Abort
 *fill*         0x0800526a        0x2 
 .text.HAL_DMA_Abort_IT
                0x0800526c       0xf0 cmake/stm32cubemx/CMakeFiles/STM32_Drivers.dir/__/__/Drivers/STM32F1xx_HAL_Driver/Src/stm32f1xx_hal_dma.c.obj
                0x0800526c                HAL_DMA_Abort_IT
 .text.HAL_DMA_IRQHandler
                0x0800535c      0x20c cmake/stm32cubemx/CMakeFiles/STM32_Drivers.dir/__/__/Drivers/STM32F1xx_HAL_Driver/Src/stm32f1xx_hal_dma.c.obj
                0x0800535c                HAL_DMA_IRQHandler
 .text.DMA_SetConfig
                0x08005568       0x5a cmake/stm32cubemx/CMakeFiles/STM32_Drivers.dir/__/__/Drivers/STM32F1xx_HAL_Driver/Src/stm32f1xx_hal_dma.c.obj
 *fill*         0x080055c2        0x2 
 .text.__NVIC_SetPriorityGrouping
                0x080055c4       0x48 cmake/stm32cubemx/CMakeFiles/STM32_Drivers.dir/__/__/Drivers/STM32F1xx_HAL_Driver/Src/stm32f1xx_hal_cortex.c.obj
 .text.__NVIC_GetPriorityGrouping
                0x0800560c       0x1c cmake/stm32cubemx/CMakeFiles/STM32_Drivers.dir/__/__/Drivers/STM32F1xx_HAL_Driver/Src/stm32f1xx_hal_cortex.c.obj
 .text.__NVIC_EnableIRQ
                0x08005628       0x38 cmake/stm32cubemx/CMakeFiles/STM32_Drivers.dir/__/__/Drivers/STM32F1xx_HAL_Driver/Src/stm32f1xx_hal_cortex.c.obj
 .text.__NVIC_SetPriority
                0x08005660       0x54 cmake/stm32cubemx/CMakeFiles/STM32_Drivers.dir/__/__/Drivers/STM32F1xx_HAL_Driver/Src/stm32f1xx_hal_cortex.c.obj
 .text.NVIC_EncodePriority
                0x080056b4       0x64 cmake/stm32cubemx/CMakeFiles/STM32_Drivers.dir/__/__/Drivers/STM32F1xx_HAL_Driver/Src/stm32f1xx_hal_cortex.c.obj
 .text.SysTick_Config
                0x08005718       0x44 cmake/stm32cubemx/CMakeFiles/STM32_Drivers.dir/__/__/Drivers/STM32F1xx_HAL_Driver/Src/stm32f1xx_hal_cortex.c.obj
 .text.HAL_NVIC_SetPriorityGrouping
                0x0800575c       0x16 cmake/stm32cubemx/CMakeFiles/STM32_Drivers.dir/__/__/Drivers/STM32F1xx_HAL_Driver/Src/stm32f1xx_hal_cortex.c.obj
                0x0800575c                HAL_NVIC_SetPriorityGrouping
 .text.HAL_NVIC_SetPriority
                0x08005772       0x38 cmake/stm32cubemx/CMakeFiles/STM32_Drivers.dir/__/__/Drivers/STM32F1xx_HAL_Driver/Src/stm32f1xx_hal_cortex.c.obj
                0x08005772                HAL_NVIC_SetPriority
 .text.HAL_NVIC_EnableIRQ
                0x080057aa       0x1c cmake/stm32cubemx/CMakeFiles/STM32_Drivers.dir/__/__/Drivers/STM32F1xx_HAL_Driver/Src/stm32f1xx_hal_cortex.c.obj
                0x080057aa                HAL_NVIC_EnableIRQ
 .text.HAL_SYSTICK_Config
                0x080057c6       0x18 cmake/stm32cubemx/CMakeFiles/STM32_Drivers.dir/__/__/Drivers/STM32F1xx_HAL_Driver/Src/stm32f1xx_hal_cortex.c.obj
                0x080057c6                HAL_SYSTICK_Config
 .text.HAL_TIM_Base_Init
                0x080057de       0x9e cmake/stm32cubemx/CMakeFiles/STM32_Drivers.dir/__/__/Drivers/STM32F1xx_HAL_Driver/Src/stm32f1xx_hal_tim.c.obj
                0x080057de                HAL_TIM_Base_Init
 .text.HAL_TIM_Base_Start_IT
                0x0800587c       0xa4 cmake/stm32cubemx/CMakeFiles/STM32_Drivers.dir/__/__/Drivers/STM32F1xx_HAL_Driver/Src/stm32f1xx_hal_tim.c.obj
                0x0800587c                HAL_TIM_Base_Start_IT
 .text.HAL_TIM_OC_Init
                0x08005920       0x9e cmake/stm32cubemx/CMakeFiles/STM32_Drivers.dir/__/__/Drivers/STM32F1xx_HAL_Driver/Src/stm32f1xx_hal_tim.c.obj
                0x08005920                HAL_TIM_OC_Init
 .text.HAL_TIM_OC_MspInit
                0x080059be       0x12 cmake/stm32cubemx/CMakeFiles/STM32_Drivers.dir/__/__/Drivers/STM32F1xx_HAL_Driver/Src/stm32f1xx_hal_tim.c.obj
                0x080059be                HAL_TIM_OC_MspInit
 .text.HAL_TIM_PWM_Init
                0x080059d0       0x9e cmake/stm32cubemx/CMakeFiles/STM32_Drivers.dir/__/__/Drivers/STM32F1xx_HAL_Driver/Src/stm32f1xx_hal_tim.c.obj
                0x080059d0                HAL_TIM_PWM_Init
 .text.HAL_TIM_PWM_MspInit
                0x08005a6e       0x12 cmake/stm32cubemx/CMakeFiles/STM32_Drivers.dir/__/__/Drivers/STM32F1xx_HAL_Driver/Src/stm32f1xx_hal_tim.c.obj
                0x08005a6e                HAL_TIM_PWM_MspInit
 .text.HAL_TIM_PWM_Start
                0x08005a80      0x144 cmake/stm32cubemx/CMakeFiles/STM32_Drivers.dir/__/__/Drivers/STM32F1xx_HAL_Driver/Src/stm32f1xx_hal_tim.c.obj
                0x08005a80                HAL_TIM_PWM_Start
 .text.HAL_TIM_IRQHandler
                0x08005bc4      0x1e0 cmake/stm32cubemx/CMakeFiles/STM32_Drivers.dir/__/__/Drivers/STM32F1xx_HAL_Driver/Src/stm32f1xx_hal_tim.c.obj
                0x08005bc4                HAL_TIM_IRQHandler
 .text.HAL_TIM_OC_ConfigChannel
                0x08005da4       0xb8 cmake/stm32cubemx/CMakeFiles/STM32_Drivers.dir/__/__/Drivers/STM32F1xx_HAL_Driver/Src/stm32f1xx_hal_tim.c.obj
                0x08005da4                HAL_TIM_OC_ConfigChannel
 .text.HAL_TIM_PWM_ConfigChannel
                0x08005e5c      0x184 cmake/stm32cubemx/CMakeFiles/STM32_Drivers.dir/__/__/Drivers/STM32F1xx_HAL_Driver/Src/stm32f1xx_hal_tim.c.obj
                0x08005e5c                HAL_TIM_PWM_ConfigChannel
 .text.HAL_TIM_ConfigClockSource
                0x08005fe0      0x18e cmake/stm32cubemx/CMakeFiles/STM32_Drivers.dir/__/__/Drivers/STM32F1xx_HAL_Driver/Src/stm32f1xx_hal_tim.c.obj
                0x08005fe0                HAL_TIM_ConfigClockSource
 .text.HAL_TIM_OC_DelayElapsedCallback
                0x0800616e       0x12 cmake/stm32cubemx/CMakeFiles/STM32_Drivers.dir/__/__/Drivers/STM32F1xx_HAL_Driver/Src/stm32f1xx_hal_tim.c.obj
                0x0800616e                HAL_TIM_OC_DelayElapsedCallback
 .text.HAL_TIM_IC_CaptureCallback
                0x08006180       0x12 cmake/stm32cubemx/CMakeFiles/STM32_Drivers.dir/__/__/Drivers/STM32F1xx_HAL_Driver/Src/stm32f1xx_hal_tim.c.obj
                0x08006180                HAL_TIM_IC_CaptureCallback
 .text.HAL_TIM_PWM_PulseFinishedCallback
                0x08006192       0x12 cmake/stm32cubemx/CMakeFiles/STM32_Drivers.dir/__/__/Drivers/STM32F1xx_HAL_Driver/Src/stm32f1xx_hal_tim.c.obj
                0x08006192                HAL_TIM_PWM_PulseFinishedCallback
 .text.HAL_TIM_TriggerCallback
                0x080061a4       0x12 cmake/stm32cubemx/CMakeFiles/STM32_Drivers.dir/__/__/Drivers/STM32F1xx_HAL_Driver/Src/stm32f1xx_hal_tim.c.obj
                0x080061a4                HAL_TIM_TriggerCallback
 *fill*         0x080061b6        0x2 
 .text.TIM_Base_SetConfig
                0x080061b8       0xdc cmake/stm32cubemx/CMakeFiles/STM32_Drivers.dir/__/__/Drivers/STM32F1xx_HAL_Driver/Src/stm32f1xx_hal_tim.c.obj
                0x080061b8                TIM_Base_SetConfig
 .text.TIM_OC1_SetConfig
                0x08006294       0xcc cmake/stm32cubemx/CMakeFiles/STM32_Drivers.dir/__/__/Drivers/STM32F1xx_HAL_Driver/Src/stm32f1xx_hal_tim.c.obj
 .text.TIM_OC2_SetConfig
                0x08006360       0xd4 cmake/stm32cubemx/CMakeFiles/STM32_Drivers.dir/__/__/Drivers/STM32F1xx_HAL_Driver/Src/stm32f1xx_hal_tim.c.obj
                0x08006360                TIM_OC2_SetConfig
 .text.TIM_OC3_SetConfig
                0x08006434       0xd4 cmake/stm32cubemx/CMakeFiles/STM32_Drivers.dir/__/__/Drivers/STM32F1xx_HAL_Driver/Src/stm32f1xx_hal_tim.c.obj
 .text.TIM_OC4_SetConfig
                0x08006508       0x9c cmake/stm32cubemx/CMakeFiles/STM32_Drivers.dir/__/__/Drivers/STM32F1xx_HAL_Driver/Src/stm32f1xx_hal_tim.c.obj
 .text.TIM_TI1_ConfigInputStage
                0x080065a4       0x5c cmake/stm32cubemx/CMakeFiles/STM32_Drivers.dir/__/__/Drivers/STM32F1xx_HAL_Driver/Src/stm32f1xx_hal_tim.c.obj
 .text.TIM_TI2_ConfigInputStage
                0x08006600       0x5e cmake/stm32cubemx/CMakeFiles/STM32_Drivers.dir/__/__/Drivers/STM32F1xx_HAL_Driver/Src/stm32f1xx_hal_tim.c.obj
 .text.TIM_ITRx_SetConfig
                0x0800665e       0x34 cmake/stm32cubemx/CMakeFiles/STM32_Drivers.dir/__/__/Drivers/STM32F1xx_HAL_Driver/Src/stm32f1xx_hal_tim.c.obj
 .text.TIM_ETR_SetConfig
                0x08006692       0x3e cmake/stm32cubemx/CMakeFiles/STM32_Drivers.dir/__/__/Drivers/STM32F1xx_HAL_Driver/Src/stm32f1xx_hal_tim.c.obj
                0x08006692                TIM_ETR_SetConfig
 .text.TIM_CCxChannelCmd
                0x080066d0       0x48 cmake/stm32cubemx/CMakeFiles/STM32_Drivers.dir/__/__/Drivers/STM32F1xx_HAL_Driver/Src/stm32f1xx_hal_tim.c.obj
                0x080066d0                TIM_CCxChannelCmd
 .text.HAL_TIMEx_MasterConfigSynchronization
                0x08006718       0xbc cmake/stm32cubemx/CMakeFiles/STM32_Drivers.dir/__/__/Drivers/STM32F1xx_HAL_Driver/Src/stm32f1xx_hal_tim_ex.c.obj
                0x08006718                HAL_TIMEx_MasterConfigSynchronization
 .text.HAL_TIMEx_ConfigBreakDeadTime
                0x080067d4       0xa2 cmake/stm32cubemx/CMakeFiles/STM32_Drivers.dir/__/__/Drivers/STM32F1xx_HAL_Driver/Src/stm32f1xx_hal_tim_ex.c.obj
                0x080067d4                HAL_TIMEx_ConfigBreakDeadTime
 .text.HAL_TIMEx_CommutCallback
                0x08006876       0x12 cmake/stm32cubemx/CMakeFiles/STM32_Drivers.dir/__/__/Drivers/STM32F1xx_HAL_Driver/Src/stm32f1xx_hal_tim_ex.c.obj
                0x08006876                HAL_TIMEx_CommutCallback
 .text.HAL_TIMEx_BreakCallback
                0x08006888       0x12 cmake/stm32cubemx/CMakeFiles/STM32_Drivers.dir/__/__/Drivers/STM32F1xx_HAL_Driver/Src/stm32f1xx_hal_tim_ex.c.obj
                0x08006888                HAL_TIMEx_BreakCallback
 .text.HAL_UART_Init
                0x0800689a       0xa0 cmake/stm32cubemx/CMakeFiles/STM32_Drivers.dir/__/__/Drivers/STM32F1xx_HAL_Driver/Src/stm32f1xx_hal_uart.c.obj
                0x0800689a                HAL_UART_Init
 .text.HAL_UART_Transmit
                0x0800693a      0x116 cmake/stm32cubemx/CMakeFiles/STM32_Drivers.dir/__/__/Drivers/STM32F1xx_HAL_Driver/Src/stm32f1xx_hal_uart.c.obj
                0x0800693a                HAL_UART_Transmit
 .text.HAL_UART_Receive_IT
                0x08006a50       0x4a cmake/stm32cubemx/CMakeFiles/STM32_Drivers.dir/__/__/Drivers/STM32F1xx_HAL_Driver/Src/stm32f1xx_hal_uart.c.obj
                0x08006a50                HAL_UART_Receive_IT
 *fill*         0x08006a9a        0x2 
 .text.HAL_UART_IRQHandler
                0x08006a9c      0x524 cmake/stm32cubemx/CMakeFiles/STM32_Drivers.dir/__/__/Drivers/STM32F1xx_HAL_Driver/Src/stm32f1xx_hal_uart.c.obj
                0x08006a9c                HAL_UART_IRQHandler
 .text.HAL_UART_TxCpltCallback
                0x08006fc0       0x12 cmake/stm32cubemx/CMakeFiles/STM32_Drivers.dir/__/__/Drivers/STM32F1xx_HAL_Driver/Src/stm32f1xx_hal_uart.c.obj
                0x08006fc0                HAL_UART_TxCpltCallback
 .text.HAL_UART_ErrorCallback
                0x08006fd2       0x12 cmake/stm32cubemx/CMakeFiles/STM32_Drivers.dir/__/__/Drivers/STM32F1xx_HAL_Driver/Src/stm32f1xx_hal_uart.c.obj
                0x08006fd2                HAL_UART_ErrorCallback
 .text.HAL_UARTEx_RxEventCallback
                0x08006fe4       0x16 cmake/stm32cubemx/CMakeFiles/STM32_Drivers.dir/__/__/Drivers/STM32F1xx_HAL_Driver/Src/stm32f1xx_hal_uart.c.obj
                0x08006fe4                HAL_UARTEx_RxEventCallback
 .text.UART_WaitOnFlagUntilTimeout
                0x08006ffa       0xb2 cmake/stm32cubemx/CMakeFiles/STM32_Drivers.dir/__/__/Drivers/STM32F1xx_HAL_Driver/Src/stm32f1xx_hal_uart.c.obj
 .text.UART_Start_Receive_IT
                0x080070ac       0x72 cmake/stm32cubemx/CMakeFiles/STM32_Drivers.dir/__/__/Drivers/STM32F1xx_HAL_Driver/Src/stm32f1xx_hal_uart.c.obj
                0x080070ac                UART_Start_Receive_IT
 .text.UART_EndRxTransfer
                0x0800711e       0xc4 cmake/stm32cubemx/CMakeFiles/STM32_Drivers.dir/__/__/Drivers/STM32F1xx_HAL_Driver/Src/stm32f1xx_hal_uart.c.obj
 .text.UART_DMAAbortOnError
                0x080071e2       0x28 cmake/stm32cubemx/CMakeFiles/STM32_Drivers.dir/__/__/Drivers/STM32F1xx_HAL_Driver/Src/stm32f1xx_hal_uart.c.obj
 .text.UART_Transmit_IT
                0x0800720a       0x9e cmake/stm32cubemx/CMakeFiles/STM32_Drivers.dir/__/__/Drivers/STM32F1xx_HAL_Driver/Src/stm32f1xx_hal_uart.c.obj
 .text.UART_EndTransmit_IT
                0x080072a8       0x30 cmake/stm32cubemx/CMakeFiles/STM32_Drivers.dir/__/__/Drivers/STM32F1xx_HAL_Driver/Src/stm32f1xx_hal_uart.c.obj
 .text.UART_Receive_IT
                0x080072d8      0x17c cmake/stm32cubemx/CMakeFiles/STM32_Drivers.dir/__/__/Drivers/STM32F1xx_HAL_Driver/Src/stm32f1xx_hal_uart.c.obj
 .text.UART_SetConfig
                0x08007454      0x11c cmake/stm32cubemx/CMakeFiles/STM32_Drivers.dir/__/__/Drivers/STM32F1xx_HAL_Driver/Src/stm32f1xx_hal_uart.c.obj
 .text.main     0x08007570       0x94 CMakeFiles/ndsp_embedded_exercise.dir/Core/Src/main.c.obj
                0x08007570                main
 .text.SystemClock_Config
                0x08007604       0xac CMakeFiles/ndsp_embedded_exercise.dir/Core/Src/main.c.obj
                0x08007604                SystemClock_Config
 .text.MX_ADC1_Init
                0x080076b0       0x9c CMakeFiles/ndsp_embedded_exercise.dir/Core/Src/main.c.obj
 .text.MX_TIM1_Init
                0x0800774c      0x144 CMakeFiles/ndsp_embedded_exercise.dir/Core/Src/main.c.obj
 .text.MX_TIM2_Init
                0x08007890       0xec CMakeFiles/ndsp_embedded_exercise.dir/Core/Src/main.c.obj
 .text.MX_TIM3_Init
                0x0800797c       0xf0 CMakeFiles/ndsp_embedded_exercise.dir/Core/Src/main.c.obj
 .text.MX_USART2_UART_Init
                0x08007a6c       0x54 CMakeFiles/ndsp_embedded_exercise.dir/Core/Src/main.c.obj
 .text.MX_DMA_Init
                0x08007ac0       0x3c CMakeFiles/ndsp_embedded_exercise.dir/Core/Src/main.c.obj
 .text.MX_GPIO_Init
                0x08007afc       0x2c CMakeFiles/ndsp_embedded_exercise.dir/Core/Src/main.c.obj
 .text.HAL_UART_RxCpltCallback
                0x08007b28       0xc0 CMakeFiles/ndsp_embedded_exercise.dir/Core/Src/main.c.obj
                0x08007b28                HAL_UART_RxCpltCallback
 .text.process_command
                0x08007be8      0x168 CMakeFiles/ndsp_embedded_exercise.dir/Core/Src/main.c.obj
                0x08007be8                process_command
 .text.send_ok  0x08007d50       0x20 CMakeFiles/ndsp_embedded_exercise.dir/Core/Src/main.c.obj
                0x08007d50                send_ok
 .text.send_error
                0x08007d70       0x20 CMakeFiles/ndsp_embedded_exercise.dir/Core/Src/main.c.obj
                0x08007d70                send_error
 .text.HAL_TIM_PeriodElapsedCallback
                0x08007d90      0x24c CMakeFiles/ndsp_embedded_exercise.dir/Core/Src/main.c.obj
                0x08007d90                HAL_TIM_PeriodElapsedCallback
 .text.HAL_ADC_ConvCpltCallback
                0x08007fdc       0xc8 CMakeFiles/ndsp_embedded_exercise.dir/Core/Src/main.c.obj
                0x08007fdc                HAL_ADC_ConvCpltCallback
 .text.Error_Handler
                0x080080a4        0xc CMakeFiles/ndsp_embedded_exercise.dir/Core/Src/main.c.obj
                0x080080a4                Error_Handler
 .text.NMI_Handler
                0x080080b0        0x8 CMakeFiles/ndsp_embedded_exercise.dir/Core/Src/stm32f1xx_it.c.obj
                0x080080b0                NMI_Handler
 .text.HardFault_Handler
                0x080080b8        0x8 CMakeFiles/ndsp_embedded_exercise.dir/Core/Src/stm32f1xx_it.c.obj
                0x080080b8                HardFault_Handler
 .text.MemManage_Handler
                0x080080c0        0x8 CMakeFiles/ndsp_embedded_exercise.dir/Core/Src/stm32f1xx_it.c.obj
                0x080080c0                MemManage_Handler
 .text.BusFault_Handler
                0x080080c8        0x8 CMakeFiles/ndsp_embedded_exercise.dir/Core/Src/stm32f1xx_it.c.obj
                0x080080c8                BusFault_Handler
 .text.UsageFault_Handler
                0x080080d0        0x8 CMakeFiles/ndsp_embedded_exercise.dir/Core/Src/stm32f1xx_it.c.obj
                0x080080d0                UsageFault_Handler
 .text.SVC_Handler
                0x080080d8        0xc CMakeFiles/ndsp_embedded_exercise.dir/Core/Src/stm32f1xx_it.c.obj
                0x080080d8                SVC_Handler
 .text.DebugMon_Handler
                0x080080e4        0xc CMakeFiles/ndsp_embedded_exercise.dir/Core/Src/stm32f1xx_it.c.obj
                0x080080e4                DebugMon_Handler
 .text.PendSV_Handler
                0x080080f0        0xc CMakeFiles/ndsp_embedded_exercise.dir/Core/Src/stm32f1xx_it.c.obj
                0x080080f0                PendSV_Handler
 .text.SysTick_Handler
                0x080080fc        0xc CMakeFiles/ndsp_embedded_exercise.dir/Core/Src/stm32f1xx_it.c.obj
                0x080080fc                SysTick_Handler
 .text.DMA1_Channel1_IRQHandler
                0x08008108       0x14 CMakeFiles/ndsp_embedded_exercise.dir/Core/Src/stm32f1xx_it.c.obj
                0x08008108                DMA1_Channel1_IRQHandler
 .text.ADC1_2_IRQHandler
                0x0800811c       0x14 CMakeFiles/ndsp_embedded_exercise.dir/Core/Src/stm32f1xx_it.c.obj
                0x0800811c                ADC1_2_IRQHandler
 .text.TIM1_UP_IRQHandler
                0x08008130       0x14 CMakeFiles/ndsp_embedded_exercise.dir/Core/Src/stm32f1xx_it.c.obj
                0x08008130                TIM1_UP_IRQHandler
 .text.TIM2_IRQHandler
                0x08008144       0x14 CMakeFiles/ndsp_embedded_exercise.dir/Core/Src/stm32f1xx_it.c.obj
                0x08008144                TIM2_IRQHandler
 .text.TIM3_IRQHandler
                0x08008158       0x14 CMakeFiles/ndsp_embedded_exercise.dir/Core/Src/stm32f1xx_it.c.obj
                0x08008158                TIM3_IRQHandler
 .text.USART2_IRQHandler
                0x0800816c       0x14 CMakeFiles/ndsp_embedded_exercise.dir/Core/Src/stm32f1xx_it.c.obj
                0x0800816c                USART2_IRQHandler
 .text.HAL_MspInit
                0x08008180       0x64 CMakeFiles/ndsp_embedded_exercise.dir/Core/Src/stm32f1xx_hal_msp.c.obj
                0x08008180                HAL_MspInit
 .text.HAL_ADC_MspInit
                0x080081e4       0xe0 CMakeFiles/ndsp_embedded_exercise.dir/Core/Src/stm32f1xx_hal_msp.c.obj
                0x080081e4                HAL_ADC_MspInit
 .text.HAL_TIM_Base_MspInit
                0x080082c4       0xb8 CMakeFiles/ndsp_embedded_exercise.dir/Core/Src/stm32f1xx_hal_msp.c.obj
                0x080082c4                HAL_TIM_Base_MspInit
 .text.HAL_TIM_MspPostInit
                0x0800837c       0xe4 CMakeFiles/ndsp_embedded_exercise.dir/Core/Src/stm32f1xx_hal_msp.c.obj
                0x0800837c                HAL_TIM_MspPostInit
 .text.HAL_UART_MspInit
                0x08008460       0xa4 CMakeFiles/ndsp_embedded_exercise.dir/Core/Src/stm32f1xx_hal_msp.c.obj
                0x08008460                HAL_UART_MspInit
 .text._sbrk    0x08008504       0x6c CMakeFiles/ndsp_embedded_exercise.dir/Core/Src/sysmem.c.obj
                0x08008504                _sbrk
 .text._getpid  0x08008570        0xe CMakeFiles/ndsp_embedded_exercise.dir/Core/Src/syscalls.c.obj
                0x08008570                _getpid
 .text._kill    0x0800857e       0x20 CMakeFiles/ndsp_embedded_exercise.dir/Core/Src/syscalls.c.obj
                0x0800857e                _kill
 .text._exit    0x0800859e       0x16 CMakeFiles/ndsp_embedded_exercise.dir/Core/Src/syscalls.c.obj
                0x0800859e                _exit
 .text._read    0x080085b4       0x3a CMakeFiles/ndsp_embedded_exercise.dir/Core/Src/syscalls.c.obj
                0x080085b4                _read
 .text._write   0x080085ee       0x38 CMakeFiles/ndsp_embedded_exercise.dir/Core/Src/syscalls.c.obj
                0x080085ee                _write
 .text._close   0x08008626       0x16 CMakeFiles/ndsp_embedded_exercise.dir/Core/Src/syscalls.c.obj
                0x08008626                _close
 .text._fstat   0x0800863c       0x1e CMakeFiles/ndsp_embedded_exercise.dir/Core/Src/syscalls.c.obj
                0x0800863c                _fstat
 .text._isatty  0x0800865a       0x14 CMakeFiles/ndsp_embedded_exercise.dir/Core/Src/syscalls.c.obj
                0x0800865a                _isatty
 .text._lseek   0x0800866e       0x18 CMakeFiles/ndsp_embedded_exercise.dir/Core/Src/syscalls.c.obj
                0x0800866e                _lseek
 *fill*         0x08008686        0x2 
 .text.Reset_Handler
                0x08008688       0x48 CMakeFiles/ndsp_embedded_exercise.dir/startup_stm32f103xb.s.obj
                0x08008688                Reset_Handler
 .text.Default_Handler
                0x080086d0        0x2 CMakeFiles/ndsp_embedded_exercise.dir/startup_stm32f103xb.s.obj
                0x080086d0                USBWakeUp_IRQHandler
                0x080086d0                EXTI2_IRQHandler
                0x080086d0                TIM1_CC_IRQHandler
                0x080086d0                PVD_IRQHandler
                0x080086d0                EXTI3_IRQHandler
                0x080086d0                EXTI0_IRQHandler
                0x080086d0                I2C2_EV_IRQHandler
                0x080086d0                SPI1_IRQHandler
                0x080086d0                TAMPER_IRQHandler
                0x080086d0                DMA1_Channel4_IRQHandler
                0x080086d0                USART3_IRQHandler
                0x080086d0                RTC_IRQHandler
                0x080086d0                DMA1_Channel7_IRQHandler
                0x080086d0                CAN1_RX1_IRQHandler
                0x080086d0                TIM4_IRQHandler
                0x080086d0                I2C1_EV_IRQHandler
                0x080086d0                DMA1_Channel6_IRQHandler
                0x080086d0                RCC_IRQHandler
                0x080086d0                TIM1_TRG_COM_IRQHandler
                0x080086d0                Default_Handler
                0x080086d0                EXTI15_10_IRQHandler
                0x080086d0                EXTI9_5_IRQHandler
                0x080086d0                SPI2_IRQHandler
                0x080086d0                DMA1_Channel5_IRQHandler
                0x080086d0                EXTI4_IRQHandler
                0x080086d0                USB_LP_CAN1_RX0_IRQHandler
                0x080086d0                USB_HP_CAN1_TX_IRQHandler
                0x080086d0                DMA1_Channel3_IRQHandler
                0x080086d0                WWDG_IRQHandler
                0x080086d0                TIM1_BRK_IRQHandler
                0x080086d0                EXTI1_IRQHandler
                0x080086d0                I2C2_ER_IRQHandler
                0x080086d0                DMA1_Channel2_IRQHandler
                0x080086d0                CAN1_SCE_IRQHandler
                0x080086d0                FLASH_IRQHandler
                0x080086d0                USART1_IRQHandler
                0x080086d0                I2C1_ER_IRQHandler
                0x080086d0                RTC_Alarm_IRQHandler
 *fill*         0x080086d2        0x2 
 .text.snprintf
                0x080086d4       0x6c /opt/ST/STM32CubeCLT_1.18.0/GNU-tools-for-STM32/bin/../lib/gcc/arm-none-eabi/13.3.1/../../../../arm-none-eabi/lib/thumb/v7-m/nofp/libg_nano.a(libc_a-snprintf.o)
                0x080086d4                snprintf
                0x080086d4                sniprintf
 .text.sscanf   0x08008740       0x58 /opt/ST/STM32CubeCLT_1.18.0/GNU-tools-for-STM32/bin/../lib/gcc/arm-none-eabi/13.3.1/../../../../arm-none-eabi/lib/thumb/v7-m/nofp/libg_nano.a(libc_a-sscanf.o)
                0x08008740                sscanf
                0x08008740                siscanf
 .text._puts_r  0x08008798       0xaa /opt/ST/STM32CubeCLT_1.18.0/GNU-tools-for-STM32/bin/../lib/gcc/arm-none-eabi/13.3.1/../../../../arm-none-eabi/lib/thumb/v7-m/nofp/libg_nano.a(libc_a-puts.o)
                0x08008798                _puts_r
 *fill*         0x08008842        0x2 
 .text.puts     0x08008844       0x10 /opt/ST/STM32CubeCLT_1.18.0/GNU-tools-for-STM32/bin/../lib/gcc/arm-none-eabi/13.3.1/../../../../arm-none-eabi/lib/thumb/v7-m/nofp/libg_nano.a(libc_a-puts.o)
                0x08008844                puts
 .text.strncmp  0x08008854       0x24 /opt/ST/STM32CubeCLT_1.18.0/GNU-tools-for-STM32/bin/../lib/gcc/arm-none-eabi/13.3.1/../../../../arm-none-eabi/lib/thumb/v7-m/nofp/libg_nano.a(libc_a-strncmp.o)
                0x08008854                strncmp
 .text.__errno  0x08008878        0xc /opt/ST/STM32CubeCLT_1.18.0/GNU-tools-for-STM32/bin/../lib/gcc/arm-none-eabi/13.3.1/../../../../arm-none-eabi/lib/thumb/v7-m/nofp/libg_nano.a(libc_a-errno.o)
                0x08008878                __errno
 .text.__ssputs_r
                0x08008884       0xb6 /opt/ST/STM32CubeCLT_1.18.0/GNU-tools-for-STM32/bin/../lib/gcc/arm-none-eabi/13.3.1/../../../../arm-none-eabi/lib/thumb/v7-m/nofp/libg_nano.a(libc_a-nano-svfprintf.o)
                0x08008884                __ssputs_r
 *fill*         0x0800893a        0x2 
 .text._svfprintf_r
                0x0800893c      0x1f8 /opt/ST/STM32CubeCLT_1.18.0/GNU-tools-for-STM32/bin/../lib/gcc/arm-none-eabi/13.3.1/../../../../arm-none-eabi/lib/thumb/v7-m/nofp/libg_nano.a(libc_a-nano-svfprintf.o)
                0x0800893c                _svfprintf_r
                0x0800893c                _svfiprintf_r
 .text._sungetc_r
                0x08008b34       0x7a /opt/ST/STM32CubeCLT_1.18.0/GNU-tools-for-STM32/bin/../lib/gcc/arm-none-eabi/13.3.1/../../../../arm-none-eabi/lib/thumb/v7-m/nofp/libg_nano.a(libc_a-nano-svfscanf.o)
                0x08008b34                _sungetc_r
 .text.__ssrefill_r
                0x08008bae       0x3a /opt/ST/STM32CubeCLT_1.18.0/GNU-tools-for-STM32/bin/../lib/gcc/arm-none-eabi/13.3.1/../../../../arm-none-eabi/lib/thumb/v7-m/nofp/libg_nano.a(libc_a-nano-svfscanf.o)
                0x08008bae                __ssrefill_r
 .text.__ssvfscanf_r
                0x08008be8      0x2e8 /opt/ST/STM32CubeCLT_1.18.0/GNU-tools-for-STM32/bin/../lib/gcc/arm-none-eabi/13.3.1/../../../../arm-none-eabi/lib/thumb/v7-m/nofp/libg_nano.a(libc_a-nano-svfscanf.o)
                0x08008be8                __ssvfscanf_r
                0x08008be8                __ssvfiscanf_r
 .text._scanf_chars
                0x08008ed0       0xb4 /opt/ST/STM32CubeCLT_1.18.0/GNU-tools-for-STM32/bin/../lib/gcc/arm-none-eabi/13.3.1/../../../../arm-none-eabi/lib/thumb/v7-m/nofp/libg_nano.a(libc_a-nano-vfscanf_i.o)
                0x08008ed0                _scanf_chars
 .text._scanf_i
                0x08008f84      0x1e4 /opt/ST/STM32CubeCLT_1.18.0/GNU-tools-for-STM32/bin/../lib/gcc/arm-none-eabi/13.3.1/../../../../arm-none-eabi/lib/thumb/v7-m/nofp/libg_nano.a(libc_a-nano-vfscanf_i.o)
                0x08008f84                _scanf_i
 .text.__sccl   0x08009168       0x72 /opt/ST/STM32CubeCLT_1.18.0/GNU-tools-for-STM32/bin/../lib/gcc/arm-none-eabi/13.3.1/../../../../arm-none-eabi/lib/thumb/v7-m/nofp/libg_nano.a(libc_a-sccl.o)
                0x08009168                __sccl
 .text.__submore
                0x080091da       0x70 /opt/ST/STM32CubeCLT_1.18.0/GNU-tools-for-STM32/bin/../lib/gcc/arm-none-eabi/13.3.1/../../../../arm-none-eabi/lib/thumb/v7-m/nofp/libg_nano.a(libc_a-ungetc.o)
                0x080091da                __submore
 *fill*         0x0800924a        0x2 
 .text._strtol_l.isra.0
                0x0800924c       0xf4 /opt/ST/STM32CubeCLT_1.18.0/GNU-tools-for-STM32/bin/../lib/gcc/arm-none-eabi/13.3.1/../../../../arm-none-eabi/lib/thumb/v7-m/nofp/libg_nano.a(libc_a-strtol.o)
 .text._strtol_r
                0x08009340        0x4 /opt/ST/STM32CubeCLT_1.18.0/GNU-tools-for-STM32/bin/../lib/gcc/arm-none-eabi/13.3.1/../../../../arm-none-eabi/lib/thumb/v7-m/nofp/libg_nano.a(libc_a-strtol.o)
                0x08009340                _strtol_r
 .text._strtoul_l.isra.0
                0x08009344       0xdc /opt/ST/STM32CubeCLT_1.18.0/GNU-tools-for-STM32/bin/../lib/gcc/arm-none-eabi/13.3.1/../../../../arm-none-eabi/lib/thumb/v7-m/nofp/libg_nano.a(libc_a-strtoul.o)
 .text._strtoul_r
                0x08009420        0x4 /opt/ST/STM32CubeCLT_1.18.0/GNU-tools-for-STM32/bin/../lib/gcc/arm-none-eabi/13.3.1/../../../../arm-none-eabi/lib/thumb/v7-m/nofp/libg_nano.a(libc_a-strtoul.o)
                0x08009420                _strtoul_r
 *(.glue_7)
 .glue_7        0x08009424        0x0 linker stubs
 *(.glue_7t)
 .glue_7t       0x08009424        0x0 linker stubs
 *(.eh_frame)
 .eh_frame      0x08009424        0x0 /opt/ST/STM32CubeCLT_1.18.0/GNU-tools-for-STM32/bin/../lib/gcc/arm-none-eabi/13.3.1/thumb/v7-m/nofp/crtbegin.o
 *(.init)
 .init          0x08009424        0x4 /opt/ST/STM32CubeCLT_1.18.0/GNU-tools-for-STM32/bin/../lib/gcc/arm-none-eabi/13.3.1/thumb/v7-m/nofp/crti.o
                0x08009424                _init
 .init          0x08009428        0x8 /opt/ST/STM32CubeCLT_1.18.0/GNU-tools-for-STM32/bin/../lib/gcc/arm-none-eabi/13.3.1/thumb/v7-m/nofp/crtn.o
 *(.fini)
 .fini          0x08009430        0x4 /opt/ST/STM32CubeCLT_1.18.0/GNU-tools-for-STM32/bin/../lib/gcc/arm-none-eabi/13.3.1/thumb/v7-m/nofp/crti.o
                0x08009430                _fini
 .fini          0x08009434        0x8 /opt/ST/STM32CubeCLT_1.18.0/GNU-tools-for-STM32/bin/../lib/gcc/arm-none-eabi/13.3.1/thumb/v7-m/nofp/crtn.o
                0x0800943c                        . = ALIGN (0x4)
                0x0800943c                        _etext = .

.vfp11_veneer   0x0800943c        0x0
 .vfp11_veneer  0x0800943c        0x0 linker stubs

.v4_bx          0x0800943c        0x0
 .v4_bx         0x0800943c        0x0 linker stubs

.iplt           0x0800943c        0x0
 .iplt          0x0800943c        0x0 /opt/ST/STM32CubeCLT_1.18.0/GNU-tools-for-STM32/bin/../lib/gcc/arm-none-eabi/13.3.1/thumb/v7-m/nofp/crtbegin.o

.rodata         0x08009440      0x520
                0x08009440                        . = ALIGN (0x4)
 *(.rodata)
 .rodata        0x08009440      0x15b CMakeFiles/ndsp_embedded_exercise.dir/Core/Src/main.c.obj
 *fill*         0x0800959b        0x1 
 .rodata        0x0800959c        0xc /opt/ST/STM32CubeCLT_1.18.0/GNU-tools-for-STM32/bin/../lib/gcc/arm-none-eabi/13.3.1/../../../../arm-none-eabi/lib/thumb/v7-m/nofp/libg_nano.a(libc_a-nano-vfscanf_i.o)
 *(.rodata*)
 .rodata._printf_float.str1.1
                0x080095a8      0x18a /opt/ST/STM32CubeCLT_1.18.0/GNU-tools-for-STM32/bin/../lib/gcc/arm-none-eabi/13.3.1/../../../../arm-none-eabi/lib/thumb/v7-m/nofp/libc_nano.a(libc_a-nano-vfprintf_float.o)
                                 0x12 (size before relaxing)
 .rodata._printf_i.str1.1
                0x08009732       0x22 /opt/ST/STM32CubeCLT_1.18.0/GNU-tools-for-STM32/bin/../lib/gcc/arm-none-eabi/13.3.1/../../../../arm-none-eabi/lib/thumb/v7-m/nofp/libc_nano.a(libc_a-nano-vfprintf_i.o)
 .rodata._dtoa_r.str1.1
                0x08009732       0x8f /opt/ST/STM32CubeCLT_1.18.0/GNU-tools-for-STM32/bin/../lib/gcc/arm-none-eabi/13.3.1/../../../../arm-none-eabi/lib/thumb/v7-m/nofp/libc_nano.a(libc_a-dtoa.o)
 .rodata._Balloc.str1.1
                0x08009732       0x70 /opt/ST/STM32CubeCLT_1.18.0/GNU-tools-for-STM32/bin/../lib/gcc/arm-none-eabi/13.3.1/../../../../arm-none-eabi/lib/thumb/v7-m/nofp/libc_nano.a(libc_a-mprec.o)
 .rodata.__multadd.str1.1
                0x08009732       0x11 /opt/ST/STM32CubeCLT_1.18.0/GNU-tools-for-STM32/bin/../lib/gcc/arm-none-eabi/13.3.1/../../../../arm-none-eabi/lib/thumb/v7-m/nofp/libc_nano.a(libc_a-mprec.o)
 *fill*         0x08009732        0x2 
 .rodata.p05.0  0x08009734        0xc /opt/ST/STM32CubeCLT_1.18.0/GNU-tools-for-STM32/bin/../lib/gcc/arm-none-eabi/13.3.1/../../../../arm-none-eabi/lib/thumb/v7-m/nofp/libc_nano.a(libc_a-mprec.o)
 .rodata.__mprec_bigtens
                0x08009740       0x28 /opt/ST/STM32CubeCLT_1.18.0/GNU-tools-for-STM32/bin/../lib/gcc/arm-none-eabi/13.3.1/../../../../arm-none-eabi/lib/thumb/v7-m/nofp/libc_nano.a(libc_a-mprec.o)
                0x08009740                __mprec_bigtens
 .rodata.__mprec_tens
                0x08009768       0xc8 /opt/ST/STM32CubeCLT_1.18.0/GNU-tools-for-STM32/bin/../lib/gcc/arm-none-eabi/13.3.1/../../../../arm-none-eabi/lib/thumb/v7-m/nofp/libc_nano.a(libc_a-mprec.o)
                0x08009768                __mprec_tens
 .rodata._setlocale_r.str1.1
                0x08009830        0x9 /opt/ST/STM32CubeCLT_1.18.0/GNU-tools-for-STM32/bin/../lib/gcc/arm-none-eabi/13.3.1/../../../../arm-none-eabi/lib/thumb/v7-m/nofp/libc_nano.a(libc_a-locale.o)
 .rodata.str1.1
                0x08009830        0x2 /opt/ST/STM32CubeCLT_1.18.0/GNU-tools-for-STM32/bin/../lib/gcc/arm-none-eabi/13.3.1/../../../../arm-none-eabi/lib/thumb/v7-m/nofp/libc_nano.a(libc_a-locale.o)
 .rodata._ctype_
                0x08009830      0x101 /opt/ST/STM32CubeCLT_1.18.0/GNU-tools-for-STM32/bin/../lib/gcc/arm-none-eabi/13.3.1/../../../../arm-none-eabi/lib/thumb/v7-m/nofp/libc_nano.a(libc_a-ctype_.o)
                0x08009830                _ctype_
 .rodata.__assert_func.str1.1
                0x08009931       0x3d /opt/ST/STM32CubeCLT_1.18.0/GNU-tools-for-STM32/bin/../lib/gcc/arm-none-eabi/13.3.1/../../../../arm-none-eabi/lib/thumb/v7-m/nofp/libc_nano.a(libc_a-assert.o)
 .rodata._vfprintf_r.str1.1
                0x08009931       0x11 /opt/ST/STM32CubeCLT_1.18.0/GNU-tools-for-STM32/bin/../lib/gcc/arm-none-eabi/13.3.1/../../../../arm-none-eabi/lib/thumb/v7-m/nofp/libc_nano.a(libc_a-nano-vfprintf.o)
 *fill*         0x08009931        0x3 
 .rodata.AHBPrescTable
                0x08009934       0x10 cmake/stm32cubemx/CMakeFiles/STM32_Drivers.dir/__/__/Core/Src/system_stm32f1xx.c.obj
                0x08009934                AHBPrescTable
 .rodata.APBPrescTable
                0x08009944        0x8 cmake/stm32cubemx/CMakeFiles/STM32_Drivers.dir/__/__/Core/Src/system_stm32f1xx.c.obj
                0x08009944                APBPrescTable
 .rodata.aPLLMULFactorTable.1
                0x0800994c       0x10 cmake/stm32cubemx/CMakeFiles/STM32_Drivers.dir/__/__/Drivers/STM32F1xx_HAL_Driver/Src/stm32f1xx_hal_rcc.c.obj
 .rodata.aPredivFactorTable.0
                0x0800995c        0x2 cmake/stm32cubemx/CMakeFiles/STM32_Drivers.dir/__/__/Drivers/STM32F1xx_HAL_Driver/Src/stm32f1xx_hal_rcc.c.obj
 .rodata._svfprintf_r.str1.1
                0x0800995e       0x11 /opt/ST/STM32CubeCLT_1.18.0/GNU-tools-for-STM32/bin/../lib/gcc/arm-none-eabi/13.3.1/../../../../arm-none-eabi/lib/thumb/v7-m/nofp/libg_nano.a(libc_a-nano-svfprintf.o)
 .rodata.__ssvfscanf_r.str1.1
                0x0800995e        0x4 /opt/ST/STM32CubeCLT_1.18.0/GNU-tools-for-STM32/bin/../lib/gcc/arm-none-eabi/13.3.1/../../../../arm-none-eabi/lib/thumb/v7-m/nofp/libg_nano.a(libc_a-nano-svfscanf.o)
 .rodata._scanf_i.str1.1
                0x0800995e       0x12 /opt/ST/STM32CubeCLT_1.18.0/GNU-tools-for-STM32/bin/../lib/gcc/arm-none-eabi/13.3.1/../../../../arm-none-eabi/lib/thumb/v7-m/nofp/libg_nano.a(libc_a-nano-vfscanf_i.o)
 .rodata.str1.1
                0x0800995e        0x9 /opt/ST/STM32CubeCLT_1.18.0/GNU-tools-for-STM32/bin/../lib/gcc/arm-none-eabi/13.3.1/../../../../arm-none-eabi/lib/thumb/v7-m/nofp/libg_nano.a(libc_a-nano-vfscanf_i.o)
                0x08009970                        . = ALIGN (0x4)
 *fill*         0x0800995e        0x2 

.ARM.extab      0x08009960        0x0
                0x08009960                        . = ALIGN (0x4)
 *(.ARM.extab* .gnu.linkonce.armextab.*)
                0x08009960                        . = ALIGN (0x4)

.ARM            0x08009960        0x8
                0x08009960                        . = ALIGN (0x4)
                0x08009960                        __exidx_start = .
 *(.ARM.exidx*)
 .ARM.exidx     0x08009960        0x8 /opt/ST/STM32CubeCLT_1.18.0/GNU-tools-for-STM32/bin/../lib/gcc/arm-none-eabi/13.3.1/../../../../arm-none-eabi/lib/thumb/v7-m/nofp/libc_nano.a(libc_a-strlen.o)
 .ARM.exidx     0x08009968        0x0 /opt/ST/STM32CubeCLT_1.18.0/GNU-tools-for-STM32/bin/../lib/gcc/arm-none-eabi/13.3.1/../../../../arm-none-eabi/lib/thumb/v7-m/nofp/libc_nano.a(libc_a-strcmp.o)
                                  0x8 (size before relaxing)
                0x08009968                        __exidx_end = .
                0x08009968                        . = ALIGN (0x4)

.preinit_array  0x08009968        0x0
                0x08009968                        . = ALIGN (0x4)
                0x08009968                        PROVIDE (__preinit_array_start = .)
 *(.preinit_array*)
                0x08009968                        PROVIDE (__preinit_array_end = .)
                0x08009968                        . = ALIGN (0x4)

.init_array     0x08009968        0x4
                0x08009968                        . = ALIGN (0x4)
                0x08009968                        PROVIDE (__init_array_start = .)
 *(SORT_BY_NAME(.init_array.*))
 *(.init_array*)
 .init_array    0x08009968        0x4 /opt/ST/STM32CubeCLT_1.18.0/GNU-tools-for-STM32/bin/../lib/gcc/arm-none-eabi/13.3.1/thumb/v7-m/nofp/crtbegin.o
                0x0800996c                        PROVIDE (__init_array_end = .)
                0x0800996c                        . = ALIGN (0x4)

.fini_array     0x0800996c        0x4
                0x0800996c                        . = ALIGN (0x4)
                [!provide]                        PROVIDE (__fini_array_start = .)
 *(SORT_BY_NAME(.fini_array.*))
 *(.fini_array*)
 .fini_array    0x0800996c        0x4 /opt/ST/STM32CubeCLT_1.18.0/GNU-tools-for-STM32/bin/../lib/gcc/arm-none-eabi/13.3.1/thumb/v7-m/nofp/crtbegin.o
                [!provide]                        PROVIDE (__fini_array_end = .)
                0x08009970                        . = ALIGN (0x4)
                0x08009970                        _sidata = LOADADDR (.data)

.rel.dyn        0x08009970        0x0
 .rel.iplt      0x08009970        0x0 /opt/ST/STM32CubeCLT_1.18.0/GNU-tools-for-STM32/bin/../lib/gcc/arm-none-eabi/13.3.1/thumb/v7-m/nofp/crtbegin.o

.data           0x20000000      0x1e0 load address 0x08009970
                0x20000000                        . = ALIGN (0x4)
                0x20000000                        _sdata = .
 *(.data)
 *(.data*)
 .data.__sglue  0x20000000        0xc /opt/ST/STM32CubeCLT_1.18.0/GNU-tools-for-STM32/bin/../lib/gcc/arm-none-eabi/13.3.1/../../../../arm-none-eabi/lib/thumb/v7-m/nofp/libc_nano.a(libc_a-findfp.o)
                0x20000000                __sglue
 .data._impure_ptr
                0x2000000c        0x4 /opt/ST/STM32CubeCLT_1.18.0/GNU-tools-for-STM32/bin/../lib/gcc/arm-none-eabi/13.3.1/../../../../arm-none-eabi/lib/thumb/v7-m/nofp/libc_nano.a(libc_a-impure.o)
                0x2000000c                _impure_ptr
 .data._impure_data
                0x20000010       0x4c /opt/ST/STM32CubeCLT_1.18.0/GNU-tools-for-STM32/bin/../lib/gcc/arm-none-eabi/13.3.1/../../../../arm-none-eabi/lib/thumb/v7-m/nofp/libc_nano.a(libc_a-impure.o)
                0x20000010                _impure_data
 .data.__global_locale
                0x2000005c      0x16c /opt/ST/STM32CubeCLT_1.18.0/GNU-tools-for-STM32/bin/../lib/gcc/arm-none-eabi/13.3.1/../../../../arm-none-eabi/lib/thumb/v7-m/nofp/libc_nano.a(libc_a-locale.o)
                0x2000005c                __global_locale
 .data.SystemCoreClock
                0x200001c8        0x4 cmake/stm32cubemx/CMakeFiles/STM32_Drivers.dir/__/__/Core/Src/system_stm32f1xx.c.obj
                0x200001c8                SystemCoreClock
 .data.uwTickPrio
                0x200001cc        0x4 cmake/stm32cubemx/CMakeFiles/STM32_Drivers.dir/__/__/Drivers/STM32F1xx_HAL_Driver/Src/stm32f1xx_hal.c.obj
                0x200001cc                uwTickPrio
 .data.uwTickFreq
                0x200001d0        0x1 cmake/stm32cubemx/CMakeFiles/STM32_Drivers.dir/__/__/Drivers/STM32F1xx_HAL_Driver/Src/stm32f1xx_hal.c.obj
                0x200001d0                uwTickFreq
 *fill*         0x200001d1        0x3 
 .data.temperature_threshold
                0x200001d4        0x4 CMakeFiles/ndsp_embedded_exercise.dir/Core/Src/main.c.obj
                0x200001d4                temperature_threshold
 .data.voltage_threshold
                0x200001d8        0x4 CMakeFiles/ndsp_embedded_exercise.dir/Core/Src/main.c.obj
                0x200001d8                voltage_threshold
 .data.step_tim2.1
                0x200001dc        0x2 CMakeFiles/ndsp_embedded_exercise.dir/Core/Src/main.c.obj
 *(.RamFunc)
 *(.RamFunc*)
                0x200001e0                        . = ALIGN (0x4)
 *fill*         0x200001de        0x2 
                0x200001e0                        _edata = .

.igot.plt       0x200001e0        0x0 load address 0x08009b50
 .igot.plt      0x200001e0        0x0 /opt/ST/STM32CubeCLT_1.18.0/GNU-tools-for-STM32/bin/../lib/gcc/arm-none-eabi/13.3.1/thumb/v7-m/nofp/crtbegin.o
                0x200001e0                        . = ALIGN (0x4)

.bss            0x200001e0      0x520 load address 0x08009b50
                0x200001e0                        _sbss = .
                0x200001e0                        __bss_start__ = _sbss
 *(.bss)
 .bss           0x200001e0       0x1c /opt/ST/STM32CubeCLT_1.18.0/GNU-tools-for-STM32/bin/../lib/gcc/arm-none-eabi/13.3.1/thumb/v7-m/nofp/crtbegin.o
 *(.bss*)
 .bss.__sf      0x200001fc      0x138 /opt/ST/STM32CubeCLT_1.18.0/GNU-tools-for-STM32/bin/../lib/gcc/arm-none-eabi/13.3.1/../../../../arm-none-eabi/lib/thumb/v7-m/nofp/libc_nano.a(libc_a-findfp.o)
                0x200001fc                __sf
 .bss.__stdio_exit_handler
                0x20000334        0x4 /opt/ST/STM32CubeCLT_1.18.0/GNU-tools-for-STM32/bin/../lib/gcc/arm-none-eabi/13.3.1/../../../../arm-none-eabi/lib/thumb/v7-m/nofp/libc_nano.a(libc_a-findfp.o)
                0x20000334                __stdio_exit_handler
 .bss.__lock___malloc_recursive_mutex
                0x20000338        0x1 /opt/ST/STM32CubeCLT_1.18.0/GNU-tools-for-STM32/bin/../lib/gcc/arm-none-eabi/13.3.1/../../../../arm-none-eabi/lib/thumb/v7-m/nofp/libc_nano.a(libc_a-lock.o)
                0x20000338                __lock___malloc_recursive_mutex
 .bss.__lock___sfp_recursive_mutex
                0x20000339        0x1 /opt/ST/STM32CubeCLT_1.18.0/GNU-tools-for-STM32/bin/../lib/gcc/arm-none-eabi/13.3.1/../../../../arm-none-eabi/lib/thumb/v7-m/nofp/libc_nano.a(libc_a-lock.o)
                0x20000339                __lock___sfp_recursive_mutex
 *fill*         0x2000033a        0x2 
 .bss.__malloc_sbrk_start
                0x2000033c        0x4 /opt/ST/STM32CubeCLT_1.18.0/GNU-tools-for-STM32/bin/../lib/gcc/arm-none-eabi/13.3.1/../../../../arm-none-eabi/lib/thumb/v7-m/nofp/libc_nano.a(libc_a-mallocr.o)
                0x2000033c                __malloc_sbrk_start
 .bss.__malloc_free_list
                0x20000340        0x4 /opt/ST/STM32CubeCLT_1.18.0/GNU-tools-for-STM32/bin/../lib/gcc/arm-none-eabi/13.3.1/../../../../arm-none-eabi/lib/thumb/v7-m/nofp/libc_nano.a(libc_a-mallocr.o)
                0x20000340                __malloc_free_list
 .bss.errno     0x20000344        0x4 /opt/ST/STM32CubeCLT_1.18.0/GNU-tools-for-STM32/bin/../lib/gcc/arm-none-eabi/13.3.1/../../../../arm-none-eabi/lib/thumb/v7-m/nofp/libc_nano.a(libc_a-reent.o)
                0x20000344                errno
 .bss.uwTick    0x20000348        0x4 cmake/stm32cubemx/CMakeFiles/STM32_Drivers.dir/__/__/Drivers/STM32F1xx_HAL_Driver/Src/stm32f1xx_hal.c.obj
                0x20000348                uwTick
 .bss.hadc1     0x2000034c       0x30 CMakeFiles/ndsp_embedded_exercise.dir/Core/Src/main.c.obj
                0x2000034c                hadc1
 .bss.hdma_adc1
                0x2000037c       0x44 CMakeFiles/ndsp_embedded_exercise.dir/Core/Src/main.c.obj
                0x2000037c                hdma_adc1
 .bss.htim1     0x200003c0       0x48 CMakeFiles/ndsp_embedded_exercise.dir/Core/Src/main.c.obj
                0x200003c0                htim1
 .bss.htim2     0x20000408       0x48 CMakeFiles/ndsp_embedded_exercise.dir/Core/Src/main.c.obj
                0x20000408                htim2
 .bss.htim3     0x20000450       0x48 CMakeFiles/ndsp_embedded_exercise.dir/Core/Src/main.c.obj
                0x20000450                htim3
 .bss.huart2    0x20000498       0x48 CMakeFiles/ndsp_embedded_exercise.dir/Core/Src/main.c.obj
                0x20000498                huart2
 .bss.rx_transfer_complete
                0x200004e0        0x1 CMakeFiles/ndsp_embedded_exercise.dir/Core/Src/main.c.obj
                0x200004e0                rx_transfer_complete
 *fill*         0x200004e1        0x3 
 .bss.rx_data   0x200004e4      0x100 CMakeFiles/ndsp_embedded_exercise.dir/Core/Src/main.c.obj
                0x200004e4                rx_data
 .bss.rx_buffer
                0x200005e4      0x100 CMakeFiles/ndsp_embedded_exercise.dir/Core/Src/main.c.obj
                0x200005e4                rx_buffer
 .bss.adc_buffer_raw
                0x200006e4        0x4 CMakeFiles/ndsp_embedded_exercise.dir/Core/Src/main.c.obj
                0x200006e4                adc_buffer_raw
 .bss.adc_buffer_smooth
                0x200006e8        0x8 CMakeFiles/ndsp_embedded_exercise.dir/Core/Src/main.c.obj
                0x200006e8                adc_buffer_smooth
 .bss.temperature_on
                0x200006f0        0x1 CMakeFiles/ndsp_embedded_exercise.dir/Core/Src/main.c.obj
                0x200006f0                temperature_on
 .bss.voltage_on
                0x200006f1        0x1 CMakeFiles/ndsp_embedded_exercise.dir/Core/Src/main.c.obj
                0x200006f1                voltage_on
 *fill*         0x200006f2        0x2 
 .bss.rx_idx.3  0x200006f4        0x4 CMakeFiles/ndsp_embedded_exercise.dir/Core/Src/main.c.obj
 .bss.duty_tim2.2
                0x200006f8        0x2 CMakeFiles/ndsp_embedded_exercise.dir/Core/Src/main.c.obj
 .bss.duty_tim3.0
                0x200006fa        0x2 CMakeFiles/ndsp_embedded_exercise.dir/Core/Src/main.c.obj
 .bss.__sbrk_heap_end
                0x200006fc        0x4 CMakeFiles/ndsp_embedded_exercise.dir/Core/Src/sysmem.c.obj
 *(COMMON)
                0x20000700                        . = ALIGN (0x4)
                0x20000700                        _ebss = .
                0x20000700                        __bss_end__ = _ebss

._user_heap_stack
                0x20000700      0x600 load address 0x08009b50
                0x20000700                        . = ALIGN (0x8)
                [!provide]                        PROVIDE (end = .)
                0x20000700                        PROVIDE (_end = .)
                0x20000900                        . = (. + _Min_Heap_Size)
 *fill*         0x20000700      0x200 
                0x20000d00                        . = (. + _Min_Stack_Size)
 *fill*         0x20000900      0x400 
                0x20000d00                        . = ALIGN (0x8)

/DISCARD/
 libc.a(*)
 libm.a(*)
 libgcc.a(*)
OUTPUT(ndsp_embedded_exercise.elf elf32-littlearm)
LOAD linker stubs
LOAD /opt/ST/STM32CubeCLT_1.18.0/GNU-tools-for-STM32/bin/../lib/gcc/arm-none-eabi/13.3.1/../../../../arm-none-eabi/lib/thumb/v7-m/nofp/libc.a
LOAD /opt/ST/STM32CubeCLT_1.18.0/GNU-tools-for-STM32/bin/../lib/gcc/arm-none-eabi/13.3.1/../../../../arm-none-eabi/lib/thumb/v7-m/nofp/libm.a
LOAD /opt/ST/STM32CubeCLT_1.18.0/GNU-tools-for-STM32/bin/../lib/gcc/arm-none-eabi/13.3.1/thumb/v7-m/nofp/libgcc.a

.ARM.attributes
                0x00000000       0x29
 .ARM.attributes
                0x00000000       0x1d /opt/ST/STM32CubeCLT_1.18.0/GNU-tools-for-STM32/bin/../lib/gcc/arm-none-eabi/13.3.1/thumb/v7-m/nofp/crti.o
 .ARM.attributes
                0x0000001d       0x2d /opt/ST/STM32CubeCLT_1.18.0/GNU-tools-for-STM32/bin/../lib/gcc/arm-none-eabi/13.3.1/thumb/v7-m/nofp/crtbegin.o
 .ARM.attributes
                0x0000004a       0x2d /opt/ST/STM32CubeCLT_1.18.0/GNU-tools-for-STM32/bin/../lib/gcc/arm-none-eabi/13.3.1/../../../../arm-none-eabi/lib/thumb/v7-m/nofp/libc_nano.a(libc_a-nano-vfprintf_float.o)
 .ARM.attributes
                0x00000077       0x2d /opt/ST/STM32CubeCLT_1.18.0/GNU-tools-for-STM32/bin/../lib/gcc/arm-none-eabi/13.3.1/../../../../arm-none-eabi/lib/thumb/v7-m/nofp/libc_nano.a(libc_a-nano-vfprintf_i.o)
 .ARM.attributes
                0x000000a4       0x2d /opt/ST/STM32CubeCLT_1.18.0/GNU-tools-for-STM32/bin/../lib/gcc/arm-none-eabi/13.3.1/../../../../arm-none-eabi/lib/thumb/v7-m/nofp/libc_nano.a(libc_a-findfp.o)
 .ARM.attributes
                0x000000d1       0x2d /opt/ST/STM32CubeCLT_1.18.0/GNU-tools-for-STM32/bin/../lib/gcc/arm-none-eabi/13.3.1/../../../../arm-none-eabi/lib/thumb/v7-m/nofp/libc_nano.a(libc_a-fwalk.o)
 .ARM.attributes
                0x000000fe       0x2d /opt/ST/STM32CubeCLT_1.18.0/GNU-tools-for-STM32/bin/../lib/gcc/arm-none-eabi/13.3.1/../../../../arm-none-eabi/lib/thumb/v7-m/nofp/libc_nano.a(libc_a-memset.o)
 .ARM.attributes
                0x0000012b       0x2d /opt/ST/STM32CubeCLT_1.18.0/GNU-tools-for-STM32/bin/../lib/gcc/arm-none-eabi/13.3.1/../../../../arm-none-eabi/lib/thumb/v7-m/nofp/libc_nano.a(libc_a-init.o)
 .ARM.attributes
                0x00000158       0x2d /opt/ST/STM32CubeCLT_1.18.0/GNU-tools-for-STM32/bin/../lib/gcc/arm-none-eabi/13.3.1/../../../../arm-none-eabi/lib/thumb/v7-m/nofp/libc_nano.a(libc_a-lock.o)
 .ARM.attributes
                0x00000185       0x2d /opt/ST/STM32CubeCLT_1.18.0/GNU-tools-for-STM32/bin/../lib/gcc/arm-none-eabi/13.3.1/../../../../arm-none-eabi/lib/thumb/v7-m/nofp/libc_nano.a(libc_a-localeconv.o)
 .ARM.attributes
                0x000001b2       0x2d /opt/ST/STM32CubeCLT_1.18.0/GNU-tools-for-STM32/bin/../lib/gcc/arm-none-eabi/13.3.1/../../../../arm-none-eabi/lib/thumb/v7-m/nofp/libc_nano.a(libc_a-impure.o)
 .ARM.attributes
                0x000001df       0x2d /opt/ST/STM32CubeCLT_1.18.0/GNU-tools-for-STM32/bin/../lib/gcc/arm-none-eabi/13.3.1/../../../../arm-none-eabi/lib/thumb/v7-m/nofp/libc_nano.a(libc_a-memchr-stub.o)
 .ARM.attributes
                0x0000020c       0x17 /opt/ST/STM32CubeCLT_1.18.0/GNU-tools-for-STM32/bin/../lib/gcc/arm-none-eabi/13.3.1/../../../../arm-none-eabi/lib/thumb/v7-m/nofp/libc_nano.a(libc_a-strlen.o)
 .ARM.attributes
                0x00000223       0x2d /opt/ST/STM32CubeCLT_1.18.0/GNU-tools-for-STM32/bin/../lib/gcc/arm-none-eabi/13.3.1/../../../../arm-none-eabi/lib/thumb/v7-m/nofp/libc_nano.a(libc_a-dtoa.o)
 .ARM.attributes
                0x00000250       0x2d /opt/ST/STM32CubeCLT_1.18.0/GNU-tools-for-STM32/bin/../lib/gcc/arm-none-eabi/13.3.1/../../../../arm-none-eabi/lib/thumb/v7-m/nofp/libc_nano.a(libc_a-malloc.o)
 .ARM.attributes
                0x0000027d       0x2d /opt/ST/STM32CubeCLT_1.18.0/GNU-tools-for-STM32/bin/../lib/gcc/arm-none-eabi/13.3.1/../../../../arm-none-eabi/lib/thumb/v7-m/nofp/libc_nano.a(libc_a-mallocr.o)
 .ARM.attributes
                0x000002aa       0x2d /opt/ST/STM32CubeCLT_1.18.0/GNU-tools-for-STM32/bin/../lib/gcc/arm-none-eabi/13.3.1/../../../../arm-none-eabi/lib/thumb/v7-m/nofp/libc_nano.a(libc_a-fflush.o)
 .ARM.attributes
                0x000002d7       0x2d /opt/ST/STM32CubeCLT_1.18.0/GNU-tools-for-STM32/bin/../lib/gcc/arm-none-eabi/13.3.1/../../../../arm-none-eabi/lib/thumb/v7-m/nofp/libc_nano.a(libc_a-mlock.o)
 .ARM.attributes
                0x00000304       0x2d /opt/ST/STM32CubeCLT_1.18.0/GNU-tools-for-STM32/bin/../lib/gcc/arm-none-eabi/13.3.1/../../../../arm-none-eabi/lib/thumb/v7-m/nofp/libc_nano.a(libc_a-mprec.o)
 .ARM.attributes
                0x00000331       0x2d /opt/ST/STM32CubeCLT_1.18.0/GNU-tools-for-STM32/bin/../lib/gcc/arm-none-eabi/13.3.1/../../../../arm-none-eabi/lib/thumb/v7-m/nofp/libc_nano.a(libc_a-stdio.o)
 .ARM.attributes
                0x0000035e       0x2d /opt/ST/STM32CubeCLT_1.18.0/GNU-tools-for-STM32/bin/../lib/gcc/arm-none-eabi/13.3.1/../../../../arm-none-eabi/lib/thumb/v7-m/nofp/libc_nano.a(libc_a-lseekr.o)
 .ARM.attributes
                0x0000038b       0x2d /opt/ST/STM32CubeCLT_1.18.0/GNU-tools-for-STM32/bin/../lib/gcc/arm-none-eabi/13.3.1/../../../../arm-none-eabi/lib/thumb/v7-m/nofp/libc_nano.a(libc_a-readr.o)
 .ARM.attributes
                0x000003b8       0x2d /opt/ST/STM32CubeCLT_1.18.0/GNU-tools-for-STM32/bin/../lib/gcc/arm-none-eabi/13.3.1/../../../../arm-none-eabi/lib/thumb/v7-m/nofp/libc_nano.a(libc_a-sbrkr.o)
 .ARM.attributes
                0x000003e5       0x2d /opt/ST/STM32CubeCLT_1.18.0/GNU-tools-for-STM32/bin/../lib/gcc/arm-none-eabi/13.3.1/../../../../arm-none-eabi/lib/thumb/v7-m/nofp/libc_nano.a(libc_a-writer.o)
 .ARM.attributes
                0x00000412       0x2d /opt/ST/STM32CubeCLT_1.18.0/GNU-tools-for-STM32/bin/../lib/gcc/arm-none-eabi/13.3.1/../../../../arm-none-eabi/lib/thumb/v7-m/nofp/libc_nano.a(libc_a-locale.o)
 .ARM.attributes
                0x0000043f       0x2d /opt/ST/STM32CubeCLT_1.18.0/GNU-tools-for-STM32/bin/../lib/gcc/arm-none-eabi/13.3.1/../../../../arm-none-eabi/lib/thumb/v7-m/nofp/libc_nano.a(libc_a-closer.o)
 .ARM.attributes
                0x0000046c       0x2d /opt/ST/STM32CubeCLT_1.18.0/GNU-tools-for-STM32/bin/../lib/gcc/arm-none-eabi/13.3.1/../../../../arm-none-eabi/lib/thumb/v7-m/nofp/libc_nano.a(libc_a-reent.o)
 .ARM.attributes
                0x00000499       0x1b /opt/ST/STM32CubeCLT_1.18.0/GNU-tools-for-STM32/bin/../lib/gcc/arm-none-eabi/13.3.1/../../../../arm-none-eabi/lib/thumb/v7-m/nofp/libc_nano.a(libc_a-strcmp.o)
 .ARM.attributes
                0x000004b4       0x2d /opt/ST/STM32CubeCLT_1.18.0/GNU-tools-for-STM32/bin/../lib/gcc/arm-none-eabi/13.3.1/../../../../arm-none-eabi/lib/thumb/v7-m/nofp/libc_nano.a(libc_a-memcpy-stub.o)
 .ARM.attributes
                0x000004e1       0x2d /opt/ST/STM32CubeCLT_1.18.0/GNU-tools-for-STM32/bin/../lib/gcc/arm-none-eabi/13.3.1/../../../../arm-none-eabi/lib/thumb/v7-m/nofp/libc_nano.a(libc_a-ctype_.o)
 .ARM.attributes
                0x0000050e       0x2d /opt/ST/STM32CubeCLT_1.18.0/GNU-tools-for-STM32/bin/../lib/gcc/arm-none-eabi/13.3.1/../../../../arm-none-eabi/lib/thumb/v7-m/nofp/libc_nano.a(libc_a-assert.o)
 .ARM.attributes
                0x0000053b       0x2d /opt/ST/STM32CubeCLT_1.18.0/GNU-tools-for-STM32/bin/../lib/gcc/arm-none-eabi/13.3.1/../../../../arm-none-eabi/lib/thumb/v7-m/nofp/libc_nano.a(libc_a-callocr.o)
 .ARM.attributes
                0x00000568       0x2d /opt/ST/STM32CubeCLT_1.18.0/GNU-tools-for-STM32/bin/../lib/gcc/arm-none-eabi/13.3.1/../../../../arm-none-eabi/lib/thumb/v7-m/nofp/libc_nano.a(libc_a-freer.o)
 .ARM.attributes
                0x00000595       0x2d /opt/ST/STM32CubeCLT_1.18.0/GNU-tools-for-STM32/bin/../lib/gcc/arm-none-eabi/13.3.1/../../../../arm-none-eabi/lib/thumb/v7-m/nofp/libc_nano.a(libc_a-mbtowc_r.o)
 .ARM.attributes
                0x000005c2       0x2d /opt/ST/STM32CubeCLT_1.18.0/GNU-tools-for-STM32/bin/../lib/gcc/arm-none-eabi/13.3.1/../../../../arm-none-eabi/lib/thumb/v7-m/nofp/libc_nano.a(libc_a-fprintf.o)
 .ARM.attributes
                0x000005ef       0x2d /opt/ST/STM32CubeCLT_1.18.0/GNU-tools-for-STM32/bin/../lib/gcc/arm-none-eabi/13.3.1/../../../../arm-none-eabi/lib/thumb/v7-m/nofp/libc_nano.a(libc_a-wctomb_r.o)
 .ARM.attributes
                0x0000061c       0x2d /opt/ST/STM32CubeCLT_1.18.0/GNU-tools-for-STM32/bin/../lib/gcc/arm-none-eabi/13.3.1/../../../../arm-none-eabi/lib/thumb/v7-m/nofp/libc_nano.a(libc_a-abort.o)
 .ARM.attributes
                0x00000649       0x2d /opt/ST/STM32CubeCLT_1.18.0/GNU-tools-for-STM32/bin/../lib/gcc/arm-none-eabi/13.3.1/../../../../arm-none-eabi/lib/thumb/v7-m/nofp/libc_nano.a(libc_a-nano-vfprintf.o)
 .ARM.attributes
                0x00000676       0x2d /opt/ST/STM32CubeCLT_1.18.0/GNU-tools-for-STM32/bin/../lib/gcc/arm-none-eabi/13.3.1/../../../../arm-none-eabi/lib/thumb/v7-m/nofp/libc_nano.a(libc_a-wbuf.o)
 .ARM.attributes
                0x000006a3       0x2d /opt/ST/STM32CubeCLT_1.18.0/GNU-tools-for-STM32/bin/../lib/gcc/arm-none-eabi/13.3.1/../../../../arm-none-eabi/lib/thumb/v7-m/nofp/libc_nano.a(libc_a-wsetup.o)
 .ARM.attributes
                0x000006d0       0x2d /opt/ST/STM32CubeCLT_1.18.0/GNU-tools-for-STM32/bin/../lib/gcc/arm-none-eabi/13.3.1/../../../../arm-none-eabi/lib/thumb/v7-m/nofp/libc_nano.a(libc_a-makebuf.o)
 .ARM.attributes
                0x000006fd       0x2d /opt/ST/STM32CubeCLT_1.18.0/GNU-tools-for-STM32/bin/../lib/gcc/arm-none-eabi/13.3.1/../../../../arm-none-eabi/lib/thumb/v7-m/nofp/libc_nano.a(libc_a-memmove.o)
 .ARM.attributes
                0x0000072a       0x2d /opt/ST/STM32CubeCLT_1.18.0/GNU-tools-for-STM32/bin/../lib/gcc/arm-none-eabi/13.3.1/../../../../arm-none-eabi/lib/thumb/v7-m/nofp/libc_nano.a(libc_a-signal.o)
 .ARM.attributes
                0x00000757       0x2d /opt/ST/STM32CubeCLT_1.18.0/GNU-tools-for-STM32/bin/../lib/gcc/arm-none-eabi/13.3.1/../../../../arm-none-eabi/lib/thumb/v7-m/nofp/libc_nano.a(libc_a-isattyr.o)
 .ARM.attributes
                0x00000784       0x2d /opt/ST/STM32CubeCLT_1.18.0/GNU-tools-for-STM32/bin/../lib/gcc/arm-none-eabi/13.3.1/../../../../arm-none-eabi/lib/thumb/v7-m/nofp/libc_nano.a(libc_a-signalr.o)
 .ARM.attributes
                0x000007b1       0x2d /opt/ST/STM32CubeCLT_1.18.0/GNU-tools-for-STM32/bin/../lib/gcc/arm-none-eabi/13.3.1/../../../../arm-none-eabi/lib/thumb/v7-m/nofp/libc_nano.a(libc_a-fstatr.o)
 .ARM.attributes
                0x000007de       0x2d /opt/ST/STM32CubeCLT_1.18.0/GNU-tools-for-STM32/bin/../lib/gcc/arm-none-eabi/13.3.1/../../../../arm-none-eabi/lib/thumb/v7-m/nofp/libc_nano.a(libc_a-reallocr.o)
 .ARM.attributes
                0x0000080b       0x2d /opt/ST/STM32CubeCLT_1.18.0/GNU-tools-for-STM32/bin/../lib/gcc/arm-none-eabi/13.3.1/../../../../arm-none-eabi/lib/thumb/v7-m/nofp/libc_nano.a(libc_a-msizer.o)
 .ARM.attributes